// Jest Snapshot v1, https://goo.gl/fbAQLP

exports[`LinkedAccountsList should render LinkedAccountsList 1`] = `
<div
  style="isolation: isolate;"
>
  <div
    class="sc-dc1b69e8-0 bmwvjx"
  >
    <div
      class="sc-db005953-0 dFzyIa"
    >
      <div
        data-component-name="Title3"
      >
        <h3
          class="splu5g7 splu5g5"
          data-component-name="Text"
          style="--splu5g0: 1.250rem; --splu5g2: 1.500rem; --splu5g1: 1.750rem; --splu5g3: 2.000rem; hyphens: auto; font-weight: 300; text-transform: inherit; text-decoration: inherit; overflow-wrap: anywhere; white-space: pre-line;"
        >
          <b>
            Contas vinculadas
          </b>
        </h3>
      </div>
      <button
        class="sc-79b254d-0 JcYDj"
        width="fit-content"
      >
        <svg
          fill="none"
          height="23"
          stroke="currentColor"
          stroke-linecap="round"
          stroke-linejoin="round"
          stroke-width="2"
          viewBox="0 0 24 24"
          width="23"
          xmlns="http://www.w3.org/2000/svg"
        >
          <line
            x1="12"
            x2="12"
            y1="5"
            y2="19"
          />
          <line
            x1="5"
            x2="19"
            y1="12"
            y2="12"
          />
        </svg>
         Add
      </button>
    </div>
    <div
      class="sc-2033c768-0 aEyeT"
    >
      <table
        class="sc-fa13d0b9-0 imWdhh"
      >
        <thead>
          <tr
            class="sc-fa13d0b9-1 edJLlF"
          >
            <th
              class="sc-fa13d0b9-2 kGoLXm"
            >
              Id
            </th>
            <th
              class="sc-fa13d0b9-2 kGoLXm"
            >
              Foto
            </th>
            <th
              class="sc-fa13d0b9-2 kGoLXm"
            >
              Nome
            </th>
            <th
              class="sc-fa13d0b9-2 kGoLXm"
            >
              E-mail
            </th>
            <th
              class="sc-fa13d0b9-2 kGoLXm"
            >
              N° de registros
            </th>
            <th
              class="sc-fa13d0b9-2 kGoLXm"
            >
              Data de ingresso
            </th>
            <th
              class="sc-fa13d0b9-2 kGoLXm"
            >
              Ação
            </th>
          </tr>
        </thead>
        <tbody>
          <tr
            class="sc-fa13d0b9-1 edJLlF"
          >
            <td
              class="sc-fa13d0b9-3 kZmcia"
            >
              01
            </td>
            <td
              class="sc-fa13d0b9-3 kZmcia"
            >
              link_da_foto_1
            </td>
            <td
              class="sc-fa13d0b9-3 kZmcia"
            >
              Claudio Buarque
            </td>
            <td
              class="sc-fa13d0b9-3 kZmcia"
            >
              claudio.buarque@gmail.com
            </td>
            <td
              class="sc-fa13d0b9-3 kZmcia"
            >
              02
            </td>
            <td
              class="sc-fa13d0b9-3 kZmcia"
            >
              10/01/2024
            </td>
            <td
              class="sc-fa13d0b9-3 kZmcia"
            >
              <button
                class="sc-fa13d0b9-5 hTPnPS"
              >
                <svg
                  fill="none"
                  height="20"
                  stroke="currentColor"
                  stroke-linecap="round"
                  stroke-linejoin="round"
                  stroke-width="2"
                  viewBox="0 0 24 24"
                  width="20"
                  xmlns="http://www.w3.org/2000/svg"
                >
                  <circle
                    cx="12"
                    cy="12"
                    r="1"
                  />
                  <circle
                    cx="12"
                    cy="5"
                    r="1"
                  />
                  <circle
                    cx="12"
                    cy="19"
                    r="1"
                  />
                </svg>
              </button>
            </td>
          </tr>
          <tr
            class="sc-fa13d0b9-1 edJLlF"
          >
            <td
              class="sc-fa13d0b9-3 kZmcia"
            >
              02
            </td>
            <td
              class="sc-fa13d0b9-3 kZmcia"
            >
              link_da_foto_2
            </td>
            <td
              class="sc-fa13d0b9-3 kZmcia"
            >
              Fabrício Neves
            </td>
            <td
              class="sc-fa13d0b9-3 kZmcia"
            >
              fabricio.neves@gmail.com
            </td>
            <td
              class="sc-fa13d0b9-3 kZmcia"
            >
              12
            </td>
            <td
              class="sc-fa13d0b9-3 kZmcia"
            >
              10/01/2024
            </td>
            <td
              class="sc-fa13d0b9-3 kZmcia"
            >
              <button
                class="sc-fa13d0b9-5 hTPnPS"
              >
                <svg
                  fill="none"
                  height="20"
                  stroke="currentColor"
                  stroke-linecap="round"
                  stroke-linejoin="round"
                  stroke-width="2"
                  viewBox="0 0 24 24"
                  width="20"
                  xmlns="http://www.w3.org/2000/svg"
                >
                  <circle
                    cx="12"
                    cy="12"
                    r="1"
                  />
                  <circle
                    cx="12"
                    cy="5"
                    r="1"
                  />
                  <circle
                    cx="12"
                    cy="19"
                    r="1"
                  />
                </svg>
              </button>
            </td>
          </tr>
          <tr
            class="sc-fa13d0b9-1 edJLlF"
          >
            <td
              class="sc-fa13d0b9-3 kZmcia"
            >
              03
            </td>
            <td
              class="sc-fa13d0b9-3 kZmcia"
            >
              link_da_foto_3
            </td>
            <td
              class="sc-fa13d0b9-3 kZmcia"
            >
              José Henrique
            </td>
            <td
              class="sc-fa13d0b9-3 kZmcia"
            >
              jose.henrique@gmail.com
            </td>
            <td
              class="sc-fa13d0b9-3 kZmcia"
            >
              03
            </td>
            <td
              class="sc-fa13d0b9-3 kZmcia"
            >
              02/02/2024
            </td>
            <td
              class="sc-fa13d0b9-3 kZmcia"
            >
              <button
                class="sc-fa13d0b9-5 hTPnPS"
              >
                <svg
                  fill="none"
                  height="20"
                  stroke="currentColor"
                  stroke-linecap="round"
                  stroke-linejoin="round"
                  stroke-width="2"
                  viewBox="0 0 24 24"
                  width="20"
                  xmlns="http://www.w3.org/2000/svg"
                >
                  <circle
                    cx="12"
                    cy="12"
                    r="1"
                  />
                  <circle
                    cx="12"
                    cy="5"
                    r="1"
                  />
                  <circle
                    cx="12"
                    cy="19"
                    r="1"
                  />
                </svg>
              </button>
            </td>
          </tr>
          <tr
            class="sc-fa13d0b9-1 edJLlF"
          >
            <td
              class="sc-fa13d0b9-3 kZmcia"
            >
              04
            </td>
            <td
              class="sc-fa13d0b9-3 kZmcia"
            >
              link_da_foto_4
            </td>
            <td
              class="sc-fa13d0b9-3 kZmcia"
            >
              Luana Buarque
            </td>
            <td
              class="sc-fa13d0b9-3 kZmcia"
            >
              luana.buarque@gmail.com
            </td>
            <td
              class="sc-fa13d0b9-3 kZmcia"
            >
              02
            </td>
            <td
              class="sc-fa13d0b9-3 kZmcia"
            >
              05/03/2024
            </td>
            <td
              class="sc-fa13d0b9-3 kZmcia"
            >
              <button
                class="sc-fa13d0b9-5 hTPnPS"
              >
                <svg
                  fill="none"
                  height="20"
                  stroke="currentColor"
                  stroke-linecap="round"
                  stroke-linejoin="round"
                  stroke-width="2"
                  viewBox="0 0 24 24"
                  width="20"
                  xmlns="http://www.w3.org/2000/svg"
                >
                  <circle
                    cx="12"
                    cy="12"
                    r="1"
                  />
                  <circle
                    cx="12"
                    cy="5"
                    r="1"
                  />
                  <circle
                    cx="12"
                    cy="19"
                    r="1"
                  />
                </svg>
              </button>
            </td>
          </tr>
          <tr
            class="sc-fa13d0b9-1 edJLlF"
          >
            <td
              class="sc-fa13d0b9-3 kZmcia"
            >
              05
            </td>
            <td
              class="sc-fa13d0b9-3 kZmcia"
            >
              link_da_foto_5
            </td>
            <td
              class="sc-fa13d0b9-3 kZmcia"
            >
              Augusto Buarque
            </td>
            <td
              class="sc-fa13d0b9-3 kZmcia"
            >
              augusto.buarque@gmail.com
            </td>
            <td
              class="sc-fa13d0b9-3 kZmcia"
            >
              04
            </td>
            <td
              class="sc-fa13d0b9-3 kZmcia"
            >
              02/02/2024
            </td>
            <td
              class="sc-fa13d0b9-3 kZmcia"
            >
              <button
                class="sc-fa13d0b9-5 hTPnPS"
              >
                <svg
                  fill="none"
                  height="20"
                  stroke="currentColor"
                  stroke-linecap="round"
                  stroke-linejoin="round"
                  stroke-width="2"
                  viewBox="0 0 24 24"
                  width="20"
                  xmlns="http://www.w3.org/2000/svg"
                >
                  <circle
                    cx="12"
                    cy="12"
                    r="1"
                  />
                  <circle
                    cx="12"
                    cy="5"
                    r="1"
                  />
                  <circle
                    cx="12"
                    cy="19"
                    r="1"
                  />
                </svg>
              </button>
            </td>
          </tr>
          <tr
            class="sc-fa13d0b9-1 edJLlF"
          >
            <td
              class="sc-fa13d0b9-3 kZmcia"
            >
              06
            </td>
            <td
              class="sc-fa13d0b9-3 kZmcia"
            >
              link_da_foto_6
            </td>
            <td
              class="sc-fa13d0b9-3 kZmcia"
            >
              Nelson Oliveira
            </td>
            <td
              class="sc-fa13d0b9-3 kZmcia"
            >
              nelson.oliveira@gmail.com
            </td>
            <td
              class="sc-fa13d0b9-3 kZmcia"
            >
              07
            </td>
            <td
              class="sc-fa13d0b9-3 kZmcia"
            >
              10/01/2024
            </td>
            <td
              class="sc-fa13d0b9-3 kZmcia"
            >
              <button
                class="sc-fa13d0b9-5 hTPnPS"
              >
                <svg
                  fill="none"
                  height="20"
                  stroke="currentColor"
                  stroke-linecap="round"
                  stroke-linejoin="round"
                  stroke-width="2"
                  viewBox="0 0 24 24"
                  width="20"
                  xmlns="http://www.w3.org/2000/svg"
                >
                  <circle
                    cx="12"
                    cy="12"
                    r="1"
                  />
                  <circle
                    cx="12"
                    cy="5"
                    r="1"
                  />
                  <circle
                    cx="12"
                    cy="19"
                    r="1"
                  />
                </svg>
              </button>
            </td>
          </tr>
          <tr
            class="sc-fa13d0b9-1 edJLlF"
          >
            <td
              class="sc-fa13d0b9-3 kZmcia"
            >
              07
            </td>
            <td
              class="sc-fa13d0b9-3 kZmcia"
            >
              link_da_foto_7
            </td>
            <td
              class="sc-fa13d0b9-3 kZmcia"
            >
              Mariana Silva
            </td>
            <td
              class="sc-fa13d0b9-3 kZmcia"
            >
              mariana.silva@gmail.com
            </td>
            <td
              class="sc-fa13d0b9-3 kZmcia"
            >
              01
            </td>
            <td
              class="sc-fa13d0b9-3 kZmcia"
            >
              11/01/2024
            </td>
            <td
              class="sc-fa13d0b9-3 kZmcia"
            >
              <button
                class="sc-fa13d0b9-5 hTPnPS"
              >
                <svg
                  fill="none"
                  height="20"
                  stroke="currentColor"
                  stroke-linecap="round"
                  stroke-linejoin="round"
                  stroke-width="2"
                  viewBox="0 0 24 24"
                  width="20"
                  xmlns="http://www.w3.org/2000/svg"
                >
                  <circle
                    cx="12"
                    cy="12"
                    r="1"
                  />
                  <circle
                    cx="12"
                    cy="5"
                    r="1"
                  />
                  <circle
                    cx="12"
                    cy="19"
                    r="1"
                  />
                </svg>
              </button>
            </td>
          </tr>
        </tbody>
      </table>
      <div
        class="sc-db005953-0 hPkqIw"
      >
        <div
          class="sc-db005953-0 EJywb"
        >
          <button
            class="sc-5c90cea2-0 jYqxSE"
          >
            <svg
              fill="none"
              height="23"
              stroke="currentColor"
              stroke-linecap="round"
              stroke-linejoin="round"
              stroke-width="2"
              viewBox="0 0 24 24"
              width="23"
              xmlns="http://www.w3.org/2000/svg"
            >
              <polyline
                points="15 18 9 12 15 6"
              />
            </svg>
            Prev
          </button>
          <div
            class="sc-db005953-0 jJCsNN"
          >
            <div
              class="sc-5c90cea2-1 feVavH"
            >
              1
            </div>
             - 
            <div
              class="sc-5c90cea2-1 iTvjtn"
            >
              3
            </div>
          </div>
          <button
            class="sc-5c90cea2-0 jYqxSE"
          >
            Prox
            <svg
              fill="none"
              height="23"
              stroke="currentColor"
              stroke-linecap="round"
              stroke-linejoin="round"
              stroke-width="2"
              viewBox="0 0 24 24"
              width="23"
              xmlns="http://www.w3.org/2000/svg"
            >
              <polyline
                points="9 18 15 12 9 6"
              />
            </svg>
          </button>
        </div>
      </div>
    </div>
  </div>
</div>
`;
