// Jest Snapshot v1, https://goo.gl/fbAQLP

exports[`LinkedAccountsList should render LinkedAccountsList 1`] = `
<div
  style="isolation: isolate;"
>
  <div
    class="sc-dc1b69e8-0 bmwvjx"
  >
    <div
      class="sc-a9fd00b4-0 igHitS"
    >
      <div
        data-component-name="Title3"
      >
        <h3
          class="splu5g7 splu5g5"
          data-component-name="Text"
          style="--splu5g0: 1.250rem; --splu5g2: 1.500rem; --splu5g1: 1.750rem; --splu5g3: 2.000rem; hyphens: auto; font-weight: 300; text-transform: inherit; text-decoration: inherit; overflow-wrap: anywhere; white-space: pre-line;"
        >
          <b>
            Contas vinculadas
          </b>
        </h3>
      </div>
      <div
        class="sc-a9fd00b4-0 hJanZu"
      >
        <div
          class="_15k6ur96 _1y2v1nfhk _1y2v1nfhq _15k6ur99 _1y2v1nfi7"
          data-component-name="SearchField"
        >
          <div
            class="_1y2v1nfkl _1y2v1nfk1 _1y2v1nfhk _1y2v1nfka _1y2v1nfhe _1y2v1nf3q"
          >
            <div
              class="rhey4tj _1y2v1nfbg _1y2v1nfhk _1y2v1nfhz _1y2v1nfio _1y2v1nfhf"
            >
              <svg
                height="1.5rem"
                role="presentation"
                viewBox="0 0 24 24"
                width="1.5rem"
              >
                <path
                  d="m15.702 14.884 5.619 5.896a.744.744 0 0 1-.004 1.012.66.66 0 0 1-.96 0l-5.62-5.9c-1.299 1.136-2.967 1.82-4.785 1.82-4.126 0-7.482-3.524-7.482-7.856S5.826 2 9.952 2s7.487 3.524 7.483 7.86c0 1.908-.651 3.66-1.733 5.024M9.952 3.428c-3.375 0-6.122 2.884-6.122 6.428s2.747 6.428 6.122 6.428 6.123-2.884 6.123-6.428-2.747-6.428-6.123-6.428"
                  fill="var(--_1vqcj1i1v)"
                />
              </svg>
            </div>
            <div
              class="rhey4t4"
            >
              <div
                class="splu5g7 splu5g5"
                data-component-name="Text3"
                style="--splu5g0: 1.000rem; --splu5g2: 1.500rem; --splu5g1: 1.125rem; --splu5g3: 1.500rem; hyphens: auto; font-weight: 400; text-transform: inherit; text-decoration: inherit; overflow-wrap: anywhere; white-space: pre-line;"
              >
                <input
                  class="rhey4ta _1y2v1nfhe rhey4t1 _1y2v1nfk2 _1y2v1nfj5 _1y2v1nf26 _1y2v1nfi7 rhey4td"
                  id=":r0:"
                  name=""
                  required=""
                  style="padding-right: 15px; font-family: inherit;"
                  type="search"
                  value=""
                />
              </div>
            </div>
          </div>
          <div
            class="_1y2v1nfa7 _1y2v1nfbj _1y2v1nfhk"
          />
        </div>
        <button
          class="sc-12056556-0 fliyUc"
          height="2.7"
        >
          Ordenar 
          <svg
            fill="none"
            height="23"
            stroke="currentColor"
            stroke-linecap="round"
            stroke-linejoin="round"
            stroke-width="2"
            viewBox="0 0 24 24"
            width="23"
            xmlns="http://www.w3.org/2000/svg"
          >
            <polyline
              points="6 9 12 15 18 9"
            />
          </svg>
        </button>
        <button
          class="sc-12056556-0 fliyUc"
          height="2.7"
        >
          <svg
            fill="none"
            height="23"
            stroke="currentColor"
            stroke-linecap="round"
            stroke-linejoin="round"
            stroke-width="2"
            viewBox="0 0 24 24"
            width="23"
            xmlns="http://www.w3.org/2000/svg"
          >
            <polyline
              points="9 11 12 14 22 4"
            />
            <path
              d="M21 12v7a2 2 0 0 1-2 2H5a2 2 0 0 1-2-2V5a2 2 0 0 1 2-2h11"
            />
          </svg>
           Selecionar
        </button>
        <button
          class="sc-928c6ca3-0 iqOklj"
          height="2.7"
          width="fit-content"
        >
          <svg
            fill="none"
            height="23"
            stroke="currentColor"
            stroke-linecap="round"
            stroke-linejoin="round"
            stroke-width="2"
            viewBox="0 0 24 24"
            width="23"
            xmlns="http://www.w3.org/2000/svg"
          >
            <line
              x1="12"
              x2="12"
              y1="5"
              y2="19"
            />
            <line
              x1="5"
              x2="19"
              y1="12"
              y2="12"
            />
          </svg>
           Add
        </button>
      </div>
    </div>
    <div
      class="sc-d20d7534-0 iRLHxM"
    >
      <table
        class="sc-fa13d0b9-0 imWdhh"
      >
        <thead>
          <tr
            class="sc-fa13d0b9-1 edJLlF"
          >
            <th
              class="sc-fa13d0b9-2 kGoLXm"
            >
              Id
            </th>
            <th
              class="sc-fa13d0b9-2 kGoLXm"
            >
              Foto
            </th>
            <th
              class="sc-fa13d0b9-2 kGoLXm"
            >
              Nome
            </th>
            <th
              class="sc-fa13d0b9-2 kGoLXm"
            >
              E-mail
            </th>
            <th
              class="sc-fa13d0b9-2 kGoLXm"
            >
              N° de registros
            </th>
            <th
              class="sc-fa13d0b9-2 kGoLXm"
            >
              Data de ingresso
            </th>
            <th
              class="sc-fa13d0b9-2 kGoLXm"
            >
              Ação
            </th>
          </tr>
        </thead>
        <tbody>
          <tr
            class="sc-fa13d0b9-1 edJLlF"
          >
            <td
              class="sc-fa13d0b9-3 kZmcia"
            >
              01
            </td>
            <td
              class="sc-fa13d0b9-3 kZmcia"
            >
              link_da_foto_1
            </td>
            <td
              class="sc-fa13d0b9-3 kZmcia"
            >
              Claudio Buarque
            </td>
            <td
              class="sc-fa13d0b9-3 kZmcia"
            >
              claudio.buarque@gmail.com
            </td>
            <td
              class="sc-fa13d0b9-3 kZmcia"
            >
              02
            </td>
            <td
              class="sc-fa13d0b9-3 kZmcia"
            >
              10/01/2024
            </td>
            <td
              class="sc-fa13d0b9-3 kZmcia"
            >
              <button
                class="sc-fa13d0b9-5 hTPnPS"
              >
                <svg
                  fill="none"
                  height="20"
                  stroke="currentColor"
                  stroke-linecap="round"
                  stroke-linejoin="round"
                  stroke-width="2"
                  viewBox="0 0 24 24"
                  width="20"
                  xmlns="http://www.w3.org/2000/svg"
                >
                  <circle
                    cx="12"
                    cy="12"
                    r="1"
                  />
                  <circle
                    cx="12"
                    cy="5"
                    r="1"
                  />
                  <circle
                    cx="12"
                    cy="19"
                    r="1"
                  />
                </svg>
              </button>
            </td>
          </tr>
          <tr
            class="sc-fa13d0b9-1 edJLlF"
          >
            <td
              class="sc-fa13d0b9-3 kZmcia"
            >
              02
            </td>
            <td
              class="sc-fa13d0b9-3 kZmcia"
            >
              link_da_foto_2
            </td>
            <td
              class="sc-fa13d0b9-3 kZmcia"
            >
              Fabrício Neves
            </td>
            <td
              class="sc-fa13d0b9-3 kZmcia"
            >
              fabricio.neves@gmail.com
            </td>
            <td
              class="sc-fa13d0b9-3 kZmcia"
            >
              12
            </td>
            <td
              class="sc-fa13d0b9-3 kZmcia"
            >
              10/01/2024
            </td>
            <td
              class="sc-fa13d0b9-3 kZmcia"
            >
              <button
                class="sc-fa13d0b9-5 hTPnPS"
              >
                <svg
                  fill="none"
                  height="20"
                  stroke="currentColor"
                  stroke-linecap="round"
                  stroke-linejoin="round"
                  stroke-width="2"
                  viewBox="0 0 24 24"
                  width="20"
                  xmlns="http://www.w3.org/2000/svg"
                >
                  <circle
                    cx="12"
                    cy="12"
                    r="1"
                  />
                  <circle
                    cx="12"
                    cy="5"
                    r="1"
                  />
                  <circle
                    cx="12"
                    cy="19"
                    r="1"
                  />
                </svg>
              </button>
            </td>
          </tr>
          <tr
            class="sc-fa13d0b9-1 edJLlF"
          >
            <td
              class="sc-fa13d0b9-3 kZmcia"
            >
              03
            </td>
            <td
              class="sc-fa13d0b9-3 kZmcia"
            >
              link_da_foto_3
            </td>
            <td
              class="sc-fa13d0b9-3 kZmcia"
            >
              José Henrique
            </td>
            <td
              class="sc-fa13d0b9-3 kZmcia"
            >
              jose.henrique@gmail.com
            </td>
            <td
              class="sc-fa13d0b9-3 kZmcia"
            >
              03
            </td>
            <td
              class="sc-fa13d0b9-3 kZmcia"
            >
              02/02/2024
            </td>
            <td
              class="sc-fa13d0b9-3 kZmcia"
            >
              <button
                class="sc-fa13d0b9-5 hTPnPS"
              >
                <svg
                  fill="none"
                  height="20"
                  stroke="currentColor"
                  stroke-linecap="round"
                  stroke-linejoin="round"
                  stroke-width="2"
                  viewBox="0 0 24 24"
                  width="20"
                  xmlns="http://www.w3.org/2000/svg"
                >
                  <circle
                    cx="12"
                    cy="12"
                    r="1"
                  />
                  <circle
                    cx="12"
                    cy="5"
                    r="1"
                  />
                  <circle
                    cx="12"
                    cy="19"
                    r="1"
                  />
                </svg>
              </button>
            </td>
          </tr>
          <tr
            class="sc-fa13d0b9-1 edJLlF"
          >
            <td
              class="sc-fa13d0b9-3 kZmcia"
            >
              04
            </td>
            <td
              class="sc-fa13d0b9-3 kZmcia"
            >
              link_da_foto_4
            </td>
            <td
              class="sc-fa13d0b9-3 kZmcia"
            >
              Luana Buarque
            </td>
            <td
              class="sc-fa13d0b9-3 kZmcia"
            >
              luana.buarque@gmail.com
            </td>
            <td
              class="sc-fa13d0b9-3 kZmcia"
            >
              02
            </td>
            <td
              class="sc-fa13d0b9-3 kZmcia"
            >
              05/03/2024
            </td>
            <td
              class="sc-fa13d0b9-3 kZmcia"
            >
              <button
                class="sc-fa13d0b9-5 hTPnPS"
              >
                <svg
                  fill="none"
                  height="20"
                  stroke="currentColor"
                  stroke-linecap="round"
                  stroke-linejoin="round"
                  stroke-width="2"
                  viewBox="0 0 24 24"
                  width="20"
                  xmlns="http://www.w3.org/2000/svg"
                >
                  <circle
                    cx="12"
                    cy="12"
                    r="1"
                  />
                  <circle
                    cx="12"
                    cy="5"
                    r="1"
                  />
                  <circle
                    cx="12"
                    cy="19"
                    r="1"
                  />
                </svg>
              </button>
            </td>
          </tr>
          <tr
            class="sc-fa13d0b9-1 edJLlF"
          >
            <td
              class="sc-fa13d0b9-3 kZmcia"
            >
              05
            </td>
            <td
              class="sc-fa13d0b9-3 kZmcia"
            >
              link_da_foto_5
            </td>
            <td
              class="sc-fa13d0b9-3 kZmcia"
            >
              Augusto Buarque
            </td>
            <td
              class="sc-fa13d0b9-3 kZmcia"
            >
              augusto.buarque@gmail.com
            </td>
            <td
              class="sc-fa13d0b9-3 kZmcia"
            >
              04
            </td>
            <td
              class="sc-fa13d0b9-3 kZmcia"
            >
              02/02/2024
            </td>
            <td
              class="sc-fa13d0b9-3 kZmcia"
            >
              <button
                class="sc-fa13d0b9-5 hTPnPS"
              >
                <svg
                  fill="none"
                  height="20"
                  stroke="currentColor"
                  stroke-linecap="round"
                  stroke-linejoin="round"
                  stroke-width="2"
                  viewBox="0 0 24 24"
                  width="20"
                  xmlns="http://www.w3.org/2000/svg"
                >
                  <circle
                    cx="12"
                    cy="12"
                    r="1"
                  />
                  <circle
                    cx="12"
                    cy="5"
                    r="1"
                  />
                  <circle
                    cx="12"
                    cy="19"
                    r="1"
                  />
                </svg>
              </button>
            </td>
          </tr>
          <tr
            class="sc-fa13d0b9-1 edJLlF"
          >
            <td
              class="sc-fa13d0b9-3 kZmcia"
            >
              06
            </td>
            <td
              class="sc-fa13d0b9-3 kZmcia"
            >
              link_da_foto_6
            </td>
            <td
              class="sc-fa13d0b9-3 kZmcia"
            >
              Nelson Oliveira
            </td>
            <td
              class="sc-fa13d0b9-3 kZmcia"
            >
              nelson.oliveira@gmail.com
            </td>
            <td
              class="sc-fa13d0b9-3 kZmcia"
            >
              07
            </td>
            <td
              class="sc-fa13d0b9-3 kZmcia"
            >
              10/01/2024
            </td>
            <td
              class="sc-fa13d0b9-3 kZmcia"
            >
              <button
                class="sc-fa13d0b9-5 hTPnPS"
              >
                <svg
                  fill="none"
                  height="20"
                  stroke="currentColor"
                  stroke-linecap="round"
                  stroke-linejoin="round"
                  stroke-width="2"
                  viewBox="0 0 24 24"
                  width="20"
                  xmlns="http://www.w3.org/2000/svg"
                >
                  <circle
                    cx="12"
                    cy="12"
                    r="1"
                  />
                  <circle
                    cx="12"
                    cy="5"
                    r="1"
                  />
                  <circle
                    cx="12"
                    cy="19"
                    r="1"
                  />
                </svg>
              </button>
            </td>
          </tr>
          <tr
            class="sc-fa13d0b9-1 edJLlF"
          >
            <td
              class="sc-fa13d0b9-3 kZmcia"
            >
              07
            </td>
            <td
              class="sc-fa13d0b9-3 kZmcia"
            >
              link_da_foto_7
            </td>
            <td
              class="sc-fa13d0b9-3 kZmcia"
            >
              Mariana Silva
            </td>
            <td
              class="sc-fa13d0b9-3 kZmcia"
            >
              mariana.silva@gmail.com
            </td>
            <td
              class="sc-fa13d0b9-3 kZmcia"
            >
              01
            </td>
            <td
              class="sc-fa13d0b9-3 kZmcia"
            >
              11/01/2024
            </td>
            <td
              class="sc-fa13d0b9-3 kZmcia"
            >
              <button
                class="sc-fa13d0b9-5 hTPnPS"
              >
                <svg
                  fill="none"
                  height="20"
                  stroke="currentColor"
                  stroke-linecap="round"
                  stroke-linejoin="round"
                  stroke-width="2"
                  viewBox="0 0 24 24"
                  width="20"
                  xmlns="http://www.w3.org/2000/svg"
                >
                  <circle
                    cx="12"
                    cy="12"
                    r="1"
                  />
                  <circle
                    cx="12"
                    cy="5"
                    r="1"
                  />
                  <circle
                    cx="12"
                    cy="19"
                    r="1"
                  />
                </svg>
              </button>
            </td>
          </tr>
        </tbody>
      </table>
      <div
        class="sc-a9fd00b4-0 cygdJs"
      >
        <div
          class="sc-a9fd00b4-0 iPmrrv"
        >
          <button
            class="sc-c0b14a47-0 fjjElM"
          >
            <svg
              fill="none"
              height="23"
              stroke="currentColor"
              stroke-linecap="round"
              stroke-linejoin="round"
              stroke-width="2"
              viewBox="0 0 24 24"
              width="23"
              xmlns="http://www.w3.org/2000/svg"
            >
              <polyline
                points="15 18 9 12 15 6"
              />
            </svg>
            Prev
          </button>
          <div
            class="sc-a9fd00b4-0 jobZvF"
          >
            <div
              class="sc-c0b14a47-1 A-DKPL"
            >
              1
            </div>
             - 
            <div
              class="sc-c0b14a47-1 iiLHmL"
            >
              3
            </div>
          </div>
          <button
            class="sc-c0b14a47-0 fjjElM"
          >
            Prox
            <svg
              fill="none"
              height="23"
              stroke="currentColor"
              stroke-linecap="round"
              stroke-linejoin="round"
              stroke-width="2"
              viewBox="0 0 24 24"
              width="23"
              xmlns="http://www.w3.org/2000/svg"
            >
              <polyline
                points="9 18 15 12 9 6"
              />
            </svg>
          </button>
        </div>
      </div>
    </div>
  </div>
</div>
`;
