// Jest Snapshot v1, https://goo.gl/fbAQLP

exports[`Login should render Login with text Login 1`] = `
<div
  style="isolation: isolate;"
>
  <div
    class="sc-blHHSb fGQVCr"
  >
    <div
      class="sc-gtLWhw dNridZ"
    >
      <div
        class="_1xgjmkvc"
        style="--_1xgjmkv2: 0px; --_1xgjmkv1: 0px; --_1xgjmkv0: 0px; --_1xgjmkv5: 0px; --_1xgjmkv4: 0px; --_1xgjmkv3: 0px; --_1xgjmkv8: 0px; --_1xgjmkv7: 0px; --_1xgjmkv6: 0px; --_1xgjmkvb: 0px; --_1xgjmkva: 0px; --_1xgjmkv9: 0px; width: 56%; box-sizing: border-box;"
      >
        <div
          class="xjgm6d4"
          style="--xjgm6d0: 32px;"
        >
          <div>
            <img
              alt="boe-logo"
              src="[object Object]"
              width="60"
            />
          </div>
          <div>
            <div
              class="_1xgjmkvc"
              style="--_1xgjmkv2: 0px; --_1xgjmkv1: 0px; --_1xgjmkv0: 0px; --_1xgjmkv5: 0px; --_1xgjmkv4: 0px; --_1xgjmkv3: 0px; --_1xgjmkv8: 0px; --_1xgjmkv7: 0px; --_1xgjmkv6: 0px; --_1xgjmkvb: 0px; --_1xgjmkva: 0px; --_1xgjmkv9: 0px; width: 100%; box-sizing: border-box;"
            >
              <div
                class="xjgm6d4"
                style="--xjgm6d0: 32px;"
              >
                <div>
                  <div
                    class="xjgm6d4"
                    style="--xjgm6d0: 8px;"
                  >
                    <div>
                      <span
                        class="splu5g7 splu5g5"
                        data-component-name="Text5"
                        style="--splu5g0: 1.250rem; --splu5g2: 1.500rem; --splu5g1: 1.750rem; --splu5g3: 2.000rem; hyphens: auto; font-weight: 300; text-transform: inherit; text-decoration: inherit; overflow-wrap: anywhere; white-space: pre-line;"
                      >
                        <div
                          class="title"
                        >
                          Log in
                        </div>
                      </span>
                    </div>
                    <div>
                      <span
                        class="splu5g7 splu5g5"
                        data-component-name="Text1"
                        style="--splu5g0: 0.750rem; --splu5g2: 1.000rem; --splu5g1: 0.875rem; --splu5g3: 1.250rem; hyphens: auto; font-weight: 400; text-transform: inherit; text-decoration: inherit; overflow-wrap: anywhere; white-space: pre-line;"
                      >
                        Bem vindo de volta! Monitore da melhor forma a saúde do seu gado!
                      </span>
                    </div>
                  </div>
                </div>
                <div>
                  <button
                    class="sc-dntaoT hPDAJS"
                    height="3rem"
                  >
                    <div
                      class="button-content"
                    >
                      <img
                        alt="google-logo"
                        src="[object Object]"
                        width="20px"
                      />
                      Entre com Google
                    </div>
                  </button>
                </div>
                <div>
                  <div
                    class="inline"
                  >
                    <div
                      class="divider"
                    />
                    <span
                      class="text"
                    >
                      Ou entre com o e-mail
                    </span>
                    <div
                      class="divider"
                    />
                  </div>
                </div>
              </div>
            </div>
          </div>
          <div>
            <div
              class="xjgm6d4"
              style="--xjgm6d0: 16px;"
            >
              <div>
                <div
                  class="sc-egkSDF jFpkDV"
                >
                  <span
                    class="splu5g7 splu5g5"
                    data-component-name="Text2"
                    style="--splu5g0: 0.875rem; --splu5g2: 1.250rem; --splu5g1: 1.000rem; --splu5g3: 1.500rem; hyphens: auto; font-weight: 500; text-transform: inherit; text-decoration: inherit; overflow-wrap: anywhere; white-space: pre-line;"
                  >
                    E-mail
                  </span>
                  <input
                    class="sc-fAUdSK lbNUdd"
                    name="myInput"
                    placeholder="Insira seu e-mail"
                    type="text"
                  />
                </div>
              </div>
              <div>
                <div
                  class="sc-egkSDF jFpkDV"
                >
                  <span
                    class="splu5g7 splu5g5"
                    data-component-name="Text2"
                    style="--splu5g0: 0.875rem; --splu5g2: 1.250rem; --splu5g1: 1.000rem; --splu5g3: 1.500rem; hyphens: auto; font-weight: 500; text-transform: inherit; text-decoration: inherit; overflow-wrap: anywhere; white-space: pre-line;"
                  >
                    Senha
                  </span>
                  <div
                    class="xjgm6d4"
                    style="--xjgm6d0: 4px;"
                  >
                    <div>
                      <input
                        class="sc-fAUdSK lbNUdd"
                        name="myInput"
                        placeholder="Digite a sua senha"
                        type="text"
                      />
                    </div>
                    <div>
                      <div
                        class="kkfbnv5 kkfbnv8 kkfbnv9"
                        data-component-name="Inline"
                        style="--kkfbnv0: space-between; align-items: center;"
                      >
                        <div>
                          <div
                            class="checkboxContainer"
                          >
                            <div
                              aria-checked="false"
                              aria-labelledby=":r0:"
                              class="_1rz9b12 _1rz9b11 _1y2v1nfhn"
                              data-component-name="Checkbox"
                              role="checkbox"
                              tabindex="0"
                            >
                              <div
                                class="kkfbnv5 kkfbnv8 kkfbnv4"
                                data-component-name="Inline"
                                style="--kkfbnv0: 16px; align-items: stretch;"
                              >
                                <div>
                                  <div
                                    class="splu5g7 splu5g5"
                                    data-component-name="Text3"
                                    style="--splu5g0: 1.000rem; --splu5g2: 1.500rem; --splu5g1: 1.125rem; --splu5g3: 1.500rem; hyphens: auto; font-weight: 400; text-transform: inherit; text-decoration: inherit; overflow-wrap: anywhere; white-space: pre-line;"
                                  >
                                    <div
                                      style="position: relative; top: -2px;"
                                    >
                                      <div
                                        class="_1rz9b17 _1rz9b15 _1y2v1nfhl _1y2v1nfht _1y2v1nfhz _1y2v1nfi2 _1y2v1nfke _1y2v1nf3p"
                                      >
                                        <svg
                                          class="_1rz9b1a _1y2v1nfhm"
                                          height="10"
                                          viewBox="0 0 14 10"
                                          width="14"
                                        >
                                          <path
                                            d="M5 10L0 5.192l1.4-1.346L5 7.308 12.6 0 14 1.346z"
                                            fill="var(--_1vqcj1i1u)"
                                          />
                                        </svg>
                                      </div>
                                    </div>
                                  </div>
                                </div>
                              </div>
                            </div>
                            <h3>
                              Lembre-se de mim
                            </h3>
                          </div>
                        </div>
                        <div>
                          <a
                            class="link"
                            href=""
                          >
                            Esqueceu a senha?
                          </a>
                        </div>
                      </div>
                    </div>
                  </div>
                </div>
              </div>
              <div>
                <button
                  class="sc-ivxoEo duwQdc"
                >
                  Login
                </button>
              </div>
              <div>
                <div
                  class="kkfbnv5 kkfbnv8 kkfbnv4"
                  data-component-name="Inline"
                  style="--kkfbnv0: 8px; align-items: center;"
                >
                  <div>
                    <span
                      class="splu5g7 splu5g5"
                      data-component-name="Text1"
                      style="--splu5g0: 0.750rem; --splu5g2: 1.000rem; --splu5g1: 0.875rem; --splu5g3: 1.250rem; hyphens: auto; font-weight: 400; text-transform: inherit; text-decoration: inherit; overflow-wrap: anywhere; white-space: pre-line;"
                    >
                      Não tem conta?
                    </span>
                  </div>
                  <div>
                    <a
                      class="link"
                      href=""
                    >
                      Registre-se
                    </a>
                  </div>
                </div>
              </div>
            </div>
          </div>
        </div>
      </div>
      <span
        class="allRights"
      >
        @2024 Böe Todos os direitos reservados
      </span>
    </div>
    <div
      class="sc-gtLWhw hxSQND"
    >
      <div
        class="_1xgjmkvc"
        style="--_1xgjmkv2: 48px; --_1xgjmkv1: 48px; --_1xgjmkv0: 48px; --_1xgjmkv5: 0px; --_1xgjmkv4: 0px; --_1xgjmkv3: 0px; --_1xgjmkv8: 48px; --_1xgjmkv7: 48px; --_1xgjmkv6: 48px; --_1xgjmkvb: 0px; --_1xgjmkva: 0px; --_1xgjmkv9: 0px; width: 70%; box-sizing: border-box;"
      >
        <div
          class="xjgm6d4"
          style="--xjgm6d0: 32px;"
        >
          <div>
            <img
              alt="boe-logo"
              src="[object Object]"
              width="70"
            />
          </div>
          <div>
            <div
              class="xjgm6d4"
              style="--xjgm6d0: 8px;"
            >
              <div>
                <h2>
                  O melhor para a saúde do seu gado
                </h2>
              </div>
              <div>
                <p>
                  Registre as análises da saúde dermatológica do seu gado e monitore todos os processos através do dashboard web.
                </p>
              </div>
            </div>
          </div>
        </div>
      </div>
    </div>
  </div>
  ;
</div>
`;
