// Jest Snapshot v1, https://goo.gl/fbAQLP

exports[`Login should render Login 1`] = `
<div>
  <div
    class="sc-blHHSb fGQVCr"
  >
    <div
      class="sc-gtLWhw gZyWjZ"
    >
      <div
        class="xjgm6d4"
        style="--xjgm6d0: 32px;"
      >
        <div>
          <div
            class="xjgm6d4"
            style="--xjgm6d0: 8px;"
          >
            <div>
              <span
                class="splu5g7 splu5g5"
                data-component-name="Text3"
                style="--splu5g0: 1.000rem; --splu5g2: 1.500rem; --splu5g1: 1.125rem; --splu5g3: 1.500rem; font-weight: 500; text-transform: inherit; text-decoration: inherit; overflow-wrap: anywhere;"
              >
                E-mail
              </span>
            </div>
            <div>
              <input
                class="sc-egkSDF fKiVWe"
                name="myInput"
                placeholder="Digite aqui..."
                type="text"
              />
            </div>
          </div>
        </div>
      </div>
    </div>
    <div
      class="sc-gtLWhw gZyWjZ"
    >
      World
    </div>
  </div>
  ;
</div>
`;
