// Jest Snapshot v1, https://goo.gl/fbAQLP

exports[`LinkedAccountsList should render LinkedAccountsList with text LinkedAccountsList 1`] = `
<div
  style="isolation: isolate;"
>
  <div
    class="sc-dc1b69e8-0 bmwvjx"
  >
    <div
      data-component-name="Title3"
    >
      <h3
        class="splu5g7 splu5g5"
        data-component-name="Text"
        style="--splu5g0: 1.250rem; --splu5g2: 1.500rem; --splu5g1: 1.750rem; --splu5g3: 2.000rem; hyphens: auto; font-weight: 300; text-transform: inherit; text-decoration: inherit; overflow-wrap: anywhere; white-space: pre-line;"
      >
        <b>
          Contas vinculadas
        </b>
      </h3>
    </div>
    <table
      class="sc-73d4add1-0 cMwyLF"
    >
      <thead>
        <tr
          class="sc-73d4add1-1 gsFmqs"
        >
          <th
            class="sc-73d4add1-2 gkAQVs"
          >
            Id
          </th>
          <th
            class="sc-73d4add1-2 gkAQVs"
          >
            Foto
          </th>
          <th
            class="sc-73d4add1-2 gkAQVs"
          >
            Nome
          </th>
          <th
            class="sc-73d4add1-2 gkAQVs"
          >
            E-mail
          </th>
          <th
            class="sc-73d4add1-2 gkAQVs"
          >
            N° de registros
          </th>
          <th
            class="sc-73d4add1-2 gkAQVs"
          >
            Data de ingresso
          </th>
          <th
            class="sc-73d4add1-2 gkAQVs"
          >
            Ação
          </th>
        </tr>
      </thead>
      <tbody>
        <tr
          class="sc-73d4add1-1 gsFmqs"
        >
          <td
            class="sc-73d4add1-3 gOsREM"
          >
            01
          </td>
          <td
            class="sc-73d4add1-3 gOsREM"
          >
            link_da_foto_1
          </td>
          <td
            class="sc-73d4add1-3 gOsREM"
          >
            Claudio Buarque
          </td>
          <td
            class="sc-73d4add1-3 gOsREM"
          >
            claudio.buarque@gmail.com
          </td>
          <td
            class="sc-73d4add1-3 gOsREM"
          >
            02
          </td>
          <td
            class="sc-73d4add1-3 gOsREM"
          >
            10/01/2024
          </td>
          <td
            class="sc-73d4add1-3 gOsREM"
          >
            Ação 1
          </td>
        </tr>
        <tr
          class="sc-73d4add1-1 gsFmqs"
        >
          <td
            class="sc-73d4add1-3 gOsREM"
          >
            02
          </td>
          <td
            class="sc-73d4add1-3 gOsREM"
          >
            link_da_foto_2
          </td>
          <td
            class="sc-73d4add1-3 gOsREM"
          >
            Fabrício Neves
          </td>
          <td
            class="sc-73d4add1-3 gOsREM"
          >
            fabricio.neves@gmail.com
          </td>
          <td
            class="sc-73d4add1-3 gOsREM"
          >
            12
          </td>
          <td
            class="sc-73d4add1-3 gOsREM"
          >
            10/01/2024
          </td>
          <td
            class="sc-73d4add1-3 gOsREM"
          >
            Ação 2
          </td>
        </tr>
        <tr
          class="sc-73d4add1-1 gsFmqs"
        >
          <td
            class="sc-73d4add1-3 gOsREM"
          >
            03
          </td>
          <td
            class="sc-73d4add1-3 gOsREM"
          >
            link_da_foto_3
          </td>
          <td
            class="sc-73d4add1-3 gOsREM"
          >
            José Henrique
          </td>
          <td
            class="sc-73d4add1-3 gOsREM"
          >
            jose.henrique@gmail.com
          </td>
          <td
            class="sc-73d4add1-3 gOsREM"
          >
            03
          </td>
          <td
            class="sc-73d4add1-3 gOsREM"
          >
            02/02/2024
          </td>
          <td
            class="sc-73d4add1-3 gOsREM"
          >
            Ação 3
          </td>
        </tr>
        <tr
          class="sc-73d4add1-1 gsFmqs"
        >
          <td
            class="sc-73d4add1-3 gOsREM"
          >
            04
          </td>
          <td
            class="sc-73d4add1-3 gOsREM"
          >
            link_da_foto_4
          </td>
          <td
            class="sc-73d4add1-3 gOsREM"
          >
            Luana Buarque
          </td>
          <td
            class="sc-73d4add1-3 gOsREM"
          >
            luana.buarque@gmail.com
          </td>
          <td
            class="sc-73d4add1-3 gOsREM"
          >
            02
          </td>
          <td
            class="sc-73d4add1-3 gOsREM"
          >
            05/03/2024
          </td>
          <td
            class="sc-73d4add1-3 gOsREM"
          >
            Ação 4
          </td>
        </tr>
        <tr
          class="sc-73d4add1-1 gsFmqs"
        >
          <td
            class="sc-73d4add1-3 gOsREM"
          >
            05
          </td>
          <td
            class="sc-73d4add1-3 gOsREM"
          >
            link_da_foto_5
          </td>
          <td
            class="sc-73d4add1-3 gOsREM"
          >
            Augusto Buarque
          </td>
          <td
            class="sc-73d4add1-3 gOsREM"
          >
            augusto.buarque@gmail.com
          </td>
          <td
            class="sc-73d4add1-3 gOsREM"
          >
            04
          </td>
          <td
            class="sc-73d4add1-3 gOsREM"
          >
            02/02/2024
          </td>
          <td
            class="sc-73d4add1-3 gOsREM"
          >
            Ação 5
          </td>
        </tr>
        <tr
          class="sc-73d4add1-1 gsFmqs"
        >
          <td
            class="sc-73d4add1-3 gOsREM"
          >
            06
          </td>
          <td
            class="sc-73d4add1-3 gOsREM"
          >
            link_da_foto_6
          </td>
          <td
            class="sc-73d4add1-3 gOsREM"
          >
            Nelson Oliveira
          </td>
          <td
            class="sc-73d4add1-3 gOsREM"
          >
            nelson.oliveira@gmail.com
          </td>
          <td
            class="sc-73d4add1-3 gOsREM"
          >
            07
          </td>
          <td
            class="sc-73d4add1-3 gOsREM"
          >
            10/01/2024
          </td>
          <td
            class="sc-73d4add1-3 gOsREM"
          >
            Ação 6
          </td>
        </tr>
        <tr
          class="sc-73d4add1-1 gsFmqs"
        >
          <td
            class="sc-73d4add1-3 gOsREM"
          >
            07
          </td>
          <td
            class="sc-73d4add1-3 gOsREM"
          >
            link_da_foto_7
          </td>
          <td
            class="sc-73d4add1-3 gOsREM"
          >
            Mariana Silva
          </td>
          <td
            class="sc-73d4add1-3 gOsREM"
          >
            mariana.silva@gmail.com
          </td>
          <td
            class="sc-73d4add1-3 gOsREM"
          >
            01
          </td>
          <td
            class="sc-73d4add1-3 gOsREM"
          >
            11/01/2024
          </td>
          <td
            class="sc-73d4add1-3 gOsREM"
          >
            Ação 7
          </td>
        </tr>
        <tr
          class="sc-73d4add1-1 gsFmqs"
        >
          <td
            class="sc-73d4add1-3 gOsREM"
          >
            08
          </td>
          <td
            class="sc-73d4add1-3 gOsREM"
          >
            link_da_foto_8
          </td>
          <td
            class="sc-73d4add1-3 gOsREM"
          >
            Roberto Carlos
          </td>
          <td
            class="sc-73d4add1-3 gOsREM"
          >
            roberto.carlos@gmail.com
          </td>
          <td
            class="sc-73d4add1-3 gOsREM"
          >
            05
          </td>
          <td
            class="sc-73d4add1-3 gOsREM"
          >
            15/01/2024
          </td>
          <td
            class="sc-73d4add1-3 gOsREM"
          >
            Ação 8
          </td>
        </tr>
        <tr
          class="sc-73d4add1-1 gsFmqs"
        >
          <td
            class="sc-73d4add1-3 gOsREM"
          >
            09
          </td>
          <td
            class="sc-73d4add1-3 gOsREM"
          >
            link_da_foto_9
          </td>
          <td
            class="sc-73d4add1-3 gOsREM"
          >
            Tatiane Lopes
          </td>
          <td
            class="sc-73d4add1-3 gOsREM"
          >
            tatiane.lopes@gmail.com
          </td>
          <td
            class="sc-73d4add1-3 gOsREM"
          >
            06
          </td>
          <td
            class="sc-73d4add1-3 gOsREM"
          >
            20/01/2024
          </td>
          <td
            class="sc-73d4add1-3 gOsREM"
          >
            Ação 9
          </td>
        </tr>
        <tr
          class="sc-73d4add1-1 gsFmqs"
        >
          <td
            class="sc-73d4add1-3 gOsREM"
          >
            10
          </td>
          <td
            class="sc-73d4add1-3 gOsREM"
          >
            link_da_foto_10
          </td>
          <td
            class="sc-73d4add1-3 gOsREM"
          >
            Ricardo Mendes
          </td>
          <td
            class="sc-73d4add1-3 gOsREM"
          >
            ricardo.mendes@gmail.com
          </td>
          <td
            class="sc-73d4add1-3 gOsREM"
          >
            10
          </td>
          <td
            class="sc-73d4add1-3 gOsREM"
          >
            25/01/2024
          </td>
          <td
            class="sc-73d4add1-3 gOsREM"
          >
            Ação 10
          </td>
        </tr>
        <tr
          class="sc-73d4add1-1 gsFmqs"
        >
          <td
            class="sc-73d4add1-3 gOsREM"
          >
            11
          </td>
          <td
            class="sc-73d4add1-3 gOsREM"
          >
            link_da_foto_11
          </td>
          <td
            class="sc-73d4add1-3 gOsREM"
          >
            Aline Pires
          </td>
          <td
            class="sc-73d4add1-3 gOsREM"
          >
            aline.pires@gmail.com
          </td>
          <td
            class="sc-73d4add1-3 gOsREM"
          >
            03
          </td>
          <td
            class="sc-73d4add1-3 gOsREM"
          >
            30/01/2024
          </td>
          <td
            class="sc-73d4add1-3 gOsREM"
          >
            Ação 11
          </td>
        </tr>
        <tr
          class="sc-73d4add1-1 gsFmqs"
        >
          <td
            class="sc-73d4add1-3 gOsREM"
          >
            12
          </td>
          <td
            class="sc-73d4add1-3 gOsREM"
          >
            link_da_foto_12
          </td>
          <td
            class="sc-73d4add1-3 gOsREM"
          >
            Samuel Gomes
          </td>
          <td
            class="sc-73d4add1-3 gOsREM"
          >
            samuel.gomes@gmail.com
          </td>
          <td
            class="sc-73d4add1-3 gOsREM"
          >
            04
          </td>
          <td
            class="sc-73d4add1-3 gOsREM"
          >
            02/02/2024
          </td>
          <td
            class="sc-73d4add1-3 gOsREM"
          >
            Ação 12
          </td>
        </tr>
        <tr
          class="sc-73d4add1-1 gsFmqs"
        >
          <td
            class="sc-73d4add1-3 gOsREM"
          >
            13
          </td>
          <td
            class="sc-73d4add1-3 gOsREM"
          >
            link_da_foto_13
          </td>
          <td
            class="sc-73d4add1-3 gOsREM"
          >
            Juliana Santos
          </td>
          <td
            class="sc-73d4add1-3 gOsREM"
          >
            juliana.santos@gmail.com
          </td>
          <td
            class="sc-73d4add1-3 gOsREM"
          >
            09
          </td>
          <td
            class="sc-73d4add1-3 gOsREM"
          >
            05/02/2024
          </td>
          <td
            class="sc-73d4add1-3 gOsREM"
          >
            Ação 13
          </td>
        </tr>
        <tr
          class="sc-73d4add1-1 gsFmqs"
        >
          <td
            class="sc-73d4add1-3 gOsREM"
          >
            14
          </td>
          <td
            class="sc-73d4add1-3 gOsREM"
          >
            link_da_foto_14
          </td>
          <td
            class="sc-73d4add1-3 gOsREM"
          >
            Fernanda Lima
          </td>
          <td
            class="sc-73d4add1-3 gOsREM"
          >
            fernanda.lima@gmail.com
          </td>
          <td
            class="sc-73d4add1-3 gOsREM"
          >
            11
          </td>
          <td
            class="sc-73d4add1-3 gOsREM"
          >
            10/02/2024
          </td>
          <td
            class="sc-73d4add1-3 gOsREM"
          >
            Ação 14
          </td>
        </tr>
        <tr
          class="sc-73d4add1-1 gsFmqs"
        >
          <td
            class="sc-73d4add1-3 gOsREM"
          >
            15
          </td>
          <td
            class="sc-73d4add1-3 gOsREM"
          >
            link_da_foto_15
          </td>
          <td
            class="sc-73d4add1-3 gOsREM"
          >
            Gustavo Rocha
          </td>
          <td
            class="sc-73d4add1-3 gOsREM"
          >
            gustavo.rocha@gmail.com
          </td>
          <td
            class="sc-73d4add1-3 gOsREM"
          >
            08
          </td>
          <td
            class="sc-73d4add1-3 gOsREM"
          >
            15/02/2024
          </td>
          <td
            class="sc-73d4add1-3 gOsREM"
          >
            Ação 15
          </td>
        </tr>
        <tr
          class="sc-73d4add1-1 gsFmqs"
        >
          <td
            class="sc-73d4add1-3 gOsREM"
          >
            16
          </td>
          <td
            class="sc-73d4add1-3 gOsREM"
          >
            link_da_foto_16
          </td>
          <td
            class="sc-73d4add1-3 gOsREM"
          >
            Bruna Almeida
          </td>
          <td
            class="sc-73d4add1-3 gOsREM"
          >
            bruna.almeida@gmail.com
          </td>
          <td
            class="sc-73d4add1-3 gOsREM"
          >
            02
          </td>
          <td
            class="sc-73d4add1-3 gOsREM"
          >
            20/02/2024
          </td>
          <td
            class="sc-73d4add1-3 gOsREM"
          >
            Ação 16
          </td>
        </tr>
        <tr
          class="sc-73d4add1-1 gsFmqs"
        >
          <td
            class="sc-73d4add1-3 gOsREM"
          >
            17
          </td>
          <td
            class="sc-73d4add1-3 gOsREM"
          >
            link_da_foto_17
          </td>
          <td
            class="sc-73d4add1-3 gOsREM"
          >
            Lucas Ferreira
          </td>
          <td
            class="sc-73d4add1-3 gOsREM"
          >
            lucas.ferreira@gmail.com
          </td>
          <td
            class="sc-73d4add1-3 gOsREM"
          >
            05
          </td>
          <td
            class="sc-73d4add1-3 gOsREM"
          >
            25/02/2024
          </td>
          <td
            class="sc-73d4add1-3 gOsREM"
          >
            Ação 17
          </td>
        </tr>
        <tr
          class="sc-73d4add1-1 gsFmqs"
        >
          <td
            class="sc-73d4add1-3 gOsREM"
          >
            18
          </td>
          <td
            class="sc-73d4add1-3 gOsREM"
          >
            link_da_foto_18
          </td>
          <td
            class="sc-73d4add1-3 gOsREM"
          >
            Larissa Costa
          </td>
          <td
            class="sc-73d4add1-3 gOsREM"
          >
            larissa.costa@gmail.com
          </td>
          <td
            class="sc-73d4add1-3 gOsREM"
          >
            06
          </td>
          <td
            class="sc-73d4add1-3 gOsREM"
          >
            01/03/2024
          </td>
          <td
            class="sc-73d4add1-3 gOsREM"
          >
            Ação 18
          </td>
        </tr>
        <tr
          class="sc-73d4add1-1 gsFmqs"
        >
          <td
            class="sc-73d4add1-3 gOsREM"
          >
            19
          </td>
          <td
            class="sc-73d4add1-3 gOsREM"
          >
            link_da_foto_19
          </td>
          <td
            class="sc-73d4add1-3 gOsREM"
          >
            Vitor Hugo
          </td>
          <td
            class="sc-73d4add1-3 gOsREM"
          >
            vitor.hugo@gmail.com
          </td>
          <td
            class="sc-73d4add1-3 gOsREM"
          >
            12
          </td>
          <td
            class="sc-73d4add1-3 gOsREM"
          >
            05/03/2024
          </td>
          <td
            class="sc-73d4add1-3 gOsREM"
          >
            Ação 19
          </td>
        </tr>
        <tr
          class="sc-73d4add1-1 gsFmqs"
        >
          <td
            class="sc-73d4add1-3 gOsREM"
          >
            20
          </td>
          <td
            class="sc-73d4add1-3 gOsREM"
          >
            link_da_foto_20
          </td>
          <td
            class="sc-73d4add1-3 gOsREM"
          >
            Sofia Martins
          </td>
          <td
            class="sc-73d4add1-3 gOsREM"
          >
            sofia.martins@gmail.com
          </td>
          <td
            class="sc-73d4add1-3 gOsREM"
          >
            07
          </td>
          <td
            class="sc-73d4add1-3 gOsREM"
          >
            10/03/2024
          </td>
          <td
            class="sc-73d4add1-3 gOsREM"
          >
            Ação 20
          </td>
        </tr>
      </tbody>
    </table>
  </div>
</div>
`;
