// Jest Snapshot v1, https://goo.gl/fbAQLP

exports[`LinkedAccountsList should render LinkedAccountsList with text LinkedAccountsList 1`] = `
<div
  style="isolation: isolate;"
>
  <div
    class="sc-1680a659-0 fhsxWp"
  >
    <div
      class="sc-7117240f-0 jbhgHh"
    >
      <div
        data-component-name="Title3"
      >
        <h3
          class="splu5g7 splu5g5"
          data-component-name="Text"
          style="--splu5g0: 1.250rem; --splu5g2: 1.500rem; --splu5g1: 1.750rem; --splu5g3: 2.000rem; hyphens: auto; font-weight: 300; text-transform: inherit; text-decoration: inherit; overflow-wrap: anywhere; white-space: pre-line;"
        >
          <b>
            Contas vinculadas
          </b>
        </h3>
      </div>
      <div
        class="sc-7117240f-0 hDwBlN"
      >
        <div
          class="_15k6ur96 _1y2v1nfhk _1y2v1nfhq _15k6ur99 _1y2v1nfi7"
          data-component-name="SearchField"
        >
          <div
            class="_1y2v1nfkl _1y2v1nfk1 _1y2v1nfhk _1y2v1nfka _1y2v1nfhe _1y2v1nf3q"
          >
            <div
              class="rhey4tj _1y2v1nfbg _1y2v1nfhk _1y2v1nfhz _1y2v1nfio _1y2v1nfhf"
            >
              <svg
                height="1.5rem"
                role="presentation"
                viewBox="0 0 24 24"
                width="1.5rem"
              >
                <path
                  d="m15.702 14.884 5.619 5.896a.744.744 0 0 1-.004 1.012.66.66 0 0 1-.96 0l-5.62-5.9c-1.299 1.136-2.967 1.82-4.785 1.82-4.126 0-7.482-3.524-7.482-7.856S5.826 2 9.952 2s7.487 3.524 7.483 7.86c0 1.908-.651 3.66-1.733 5.024M9.952 3.428c-3.375 0-6.122 2.884-6.122 6.428s2.747 6.428 6.122 6.428 6.123-2.884 6.123-6.428-2.747-6.428-6.123-6.428"
                  fill="var(--_1vqcj1i1v)"
                />
              </svg>
            </div>
            <div
              class="rhey4t4"
            >
              <div
                class="splu5g7 splu5g5"
                data-component-name="Text3"
                style="--splu5g0: 1.000rem; --splu5g2: 1.500rem; --splu5g1: 1.125rem; --splu5g3: 1.500rem; hyphens: auto; font-weight: 400; text-transform: inherit; text-decoration: inherit; overflow-wrap: anywhere; white-space: pre-line;"
              >
                <input
                  class="rhey4ta _1y2v1nfhe rhey4t1 _1y2v1nfk2 _1y2v1nfj5 _1y2v1nf26 _1y2v1nfi7 rhey4td"
                  id=":r0:"
                  name=""
                  required=""
                  style="padding-right: 15px; font-family: inherit;"
                  type="search"
                  value=""
                />
              </div>
            </div>
          </div>
          <div
            class="_1y2v1nfa7 _1y2v1nfbj _1y2v1nfhk"
          />
        </div>
        <button
          class="sc-5796d2d3-0 jhbeVj"
          height="3.7"
        >
          Ordenar 
          <svg
            fill="none"
            height="23"
            stroke="currentColor"
            stroke-linecap="round"
            stroke-linejoin="round"
            stroke-width="2"
            viewBox="0 0 24 24"
            width="23"
            xmlns="http://www.w3.org/2000/svg"
          >
            <polyline
              points="6 9 12 15 18 9"
            />
          </svg>
        </button>
        <button
          class="sc-5796d2d3-0 jhbeVj"
          height="3.7"
        >
          <svg
            fill="none"
            height="23"
            stroke="currentColor"
            stroke-linecap="round"
            stroke-linejoin="round"
            stroke-width="2"
            viewBox="0 0 24 24"
            width="23"
            xmlns="http://www.w3.org/2000/svg"
          >
            <polyline
              points="9 11 12 14 22 4"
            />
            <path
              d="M21 12v7a2 2 0 0 1-2 2H5a2 2 0 0 1-2-2V5a2 2 0 0 1 2-2h11"
            />
          </svg>
           Selecionar
        </button>
        <button
          class="sc-daa8886c-0 fIfxJp"
        >
          <svg
            fill="none"
            height="23"
            stroke="currentColor"
            stroke-linecap="round"
            stroke-linejoin="round"
            stroke-width="2"
            viewBox="0 0 24 24"
            width="23"
            xmlns="http://www.w3.org/2000/svg"
          >
            <line
              x1="12"
              x2="12"
              y1="5"
              y2="19"
            />
            <line
              x1="5"
              x2="19"
              y1="12"
              y2="12"
            />
          </svg>
           Add
        </button>
      </div>
    </div>
    <div
      class="sc-d20d7534-0 iRLHxM"
    >
      <table
        class="sc-5e6c3969-0 dgrUce"
      >
        <thead>
          <tr
            class="sc-5e6c3969-1 eMTqXC"
          >
            <th
              class="sc-5e6c3969-2 jiGCAL"
            >
              Id
            </th>
            <th
              class="sc-5e6c3969-2 jiGCAL"
            >
              Foto
            </th>
            <th
              class="sc-5e6c3969-2 jiGCAL"
            >
              Nome
            </th>
            <th
              class="sc-5e6c3969-2 jiGCAL"
            >
              E-mail
            </th>
            <th
              class="sc-5e6c3969-2 jiGCAL"
            >
              N° de registros
            </th>
            <th
              class="sc-5e6c3969-2 jiGCAL"
            >
              Data de ingresso
            </th>
            <th
              class="sc-5e6c3969-2 jiGCAL"
            >
              Ação
            </th>
          </tr>
        </thead>
        <tbody>
          <tr
            class="sc-5e6c3969-1 eMTqXC"
          >
            <td
              class="sc-5e6c3969-3 gZyhHi"
            >
              01
            </td>
            <td
              class="sc-5e6c3969-3 gZyhHi"
            >
              link_da_foto_1
            </td>
            <td
              class="sc-5e6c3969-3 gZyhHi"
            >
              Claudio Buarque
            </td>
            <td
              class="sc-5e6c3969-3 gZyhHi"
            >
              claudio.buarque@gmail.com
            </td>
            <td
              class="sc-5e6c3969-3 gZyhHi"
            >
              02
            </td>
            <td
              class="sc-5e6c3969-3 gZyhHi"
            >
              10/01/2024
            </td>
            <td
              class="sc-5e6c3969-3 gZyhHi"
            >
              <button
                class="sc-5e6c3969-5 bYMSvV"
              >
                <svg
                  fill="none"
                  height="17"
                  stroke="currentColor"
                  stroke-linecap="round"
                  stroke-linejoin="round"
                  stroke-width="2"
                  viewBox="0 0 24 24"
                  width="17"
                  xmlns="http://www.w3.org/2000/svg"
                >
                  <circle
                    cx="12"
                    cy="12"
                    r="1"
                  />
                  <circle
                    cx="12"
                    cy="5"
                    r="1"
                  />
                  <circle
                    cx="12"
                    cy="19"
                    r="1"
                  />
                </svg>
              </button>
            </td>
          </tr>
          <tr
            class="sc-5e6c3969-1 eMTqXC"
          >
            <td
              class="sc-5e6c3969-3 gZyhHi"
            >
              02
            </td>
            <td
              class="sc-5e6c3969-3 gZyhHi"
            >
              link_da_foto_2
            </td>
            <td
              class="sc-5e6c3969-3 gZyhHi"
            >
              Fabrício Neves
            </td>
            <td
              class="sc-5e6c3969-3 gZyhHi"
            >
              fabricio.neves@gmail.com
            </td>
            <td
              class="sc-5e6c3969-3 gZyhHi"
            >
              12
            </td>
            <td
              class="sc-5e6c3969-3 gZyhHi"
            >
              10/01/2024
            </td>
            <td
              class="sc-5e6c3969-3 gZyhHi"
            >
              <button
                class="sc-5e6c3969-5 bYMSvV"
              >
                <svg
                  fill="none"
                  height="17"
                  stroke="currentColor"
                  stroke-linecap="round"
                  stroke-linejoin="round"
                  stroke-width="2"
                  viewBox="0 0 24 24"
                  width="17"
                  xmlns="http://www.w3.org/2000/svg"
                >
                  <circle
                    cx="12"
                    cy="12"
                    r="1"
                  />
                  <circle
                    cx="12"
                    cy="5"
                    r="1"
                  />
                  <circle
                    cx="12"
                    cy="19"
                    r="1"
                  />
                </svg>
              </button>
            </td>
          </tr>
          <tr
            class="sc-5e6c3969-1 eMTqXC"
          >
            <td
              class="sc-5e6c3969-3 gZyhHi"
            >
              03
            </td>
            <td
              class="sc-5e6c3969-3 gZyhHi"
            >
              link_da_foto_3
            </td>
            <td
              class="sc-5e6c3969-3 gZyhHi"
            >
              José Henrique
            </td>
            <td
              class="sc-5e6c3969-3 gZyhHi"
            >
              jose.henrique@gmail.com
            </td>
            <td
              class="sc-5e6c3969-3 gZyhHi"
            >
              03
            </td>
            <td
              class="sc-5e6c3969-3 gZyhHi"
            >
              02/02/2024
            </td>
            <td
              class="sc-5e6c3969-3 gZyhHi"
            >
              <button
                class="sc-5e6c3969-5 bYMSvV"
              >
                <svg
                  fill="none"
                  height="17"
                  stroke="currentColor"
                  stroke-linecap="round"
                  stroke-linejoin="round"
                  stroke-width="2"
                  viewBox="0 0 24 24"
                  width="17"
                  xmlns="http://www.w3.org/2000/svg"
                >
                  <circle
                    cx="12"
                    cy="12"
                    r="1"
                  />
                  <circle
                    cx="12"
                    cy="5"
                    r="1"
                  />
                  <circle
                    cx="12"
                    cy="19"
                    r="1"
                  />
                </svg>
              </button>
            </td>
          </tr>
          <tr
            class="sc-5e6c3969-1 eMTqXC"
          >
            <td
              class="sc-5e6c3969-3 gZyhHi"
            >
              04
            </td>
            <td
              class="sc-5e6c3969-3 gZyhHi"
            >
              link_da_foto_4
            </td>
            <td
              class="sc-5e6c3969-3 gZyhHi"
            >
              Luana Buarque
            </td>
            <td
              class="sc-5e6c3969-3 gZyhHi"
            >
              luana.buarque@gmail.com
            </td>
            <td
              class="sc-5e6c3969-3 gZyhHi"
            >
              02
            </td>
            <td
              class="sc-5e6c3969-3 gZyhHi"
            >
              05/03/2024
            </td>
            <td
              class="sc-5e6c3969-3 gZyhHi"
            >
              <button
                class="sc-5e6c3969-5 bYMSvV"
              >
                <svg
                  fill="none"
                  height="17"
                  stroke="currentColor"
                  stroke-linecap="round"
                  stroke-linejoin="round"
                  stroke-width="2"
                  viewBox="0 0 24 24"
                  width="17"
                  xmlns="http://www.w3.org/2000/svg"
                >
                  <circle
                    cx="12"
                    cy="12"
                    r="1"
                  />
                  <circle
                    cx="12"
                    cy="5"
                    r="1"
                  />
                  <circle
                    cx="12"
                    cy="19"
                    r="1"
                  />
                </svg>
              </button>
            </td>
          </tr>
          <tr
            class="sc-5e6c3969-1 eMTqXC"
          >
            <td
              class="sc-5e6c3969-3 gZyhHi"
            >
              05
            </td>
            <td
              class="sc-5e6c3969-3 gZyhHi"
            >
              link_da_foto_5
            </td>
            <td
              class="sc-5e6c3969-3 gZyhHi"
            >
              Augusto Buarque
            </td>
            <td
              class="sc-5e6c3969-3 gZyhHi"
            >
              augusto.buarque@gmail.com
            </td>
            <td
              class="sc-5e6c3969-3 gZyhHi"
            >
              04
            </td>
            <td
              class="sc-5e6c3969-3 gZyhHi"
            >
              02/02/2024
            </td>
            <td
              class="sc-5e6c3969-3 gZyhHi"
            >
              <button
                class="sc-5e6c3969-5 bYMSvV"
              >
                <svg
                  fill="none"
                  height="17"
                  stroke="currentColor"
                  stroke-linecap="round"
                  stroke-linejoin="round"
                  stroke-width="2"
                  viewBox="0 0 24 24"
                  width="17"
                  xmlns="http://www.w3.org/2000/svg"
                >
                  <circle
                    cx="12"
                    cy="12"
                    r="1"
                  />
                  <circle
                    cx="12"
                    cy="5"
                    r="1"
                  />
                  <circle
                    cx="12"
                    cy="19"
                    r="1"
                  />
                </svg>
              </button>
            </td>
          </tr>
          <tr
            class="sc-5e6c3969-1 eMTqXC"
          >
            <td
              class="sc-5e6c3969-3 gZyhHi"
            >
              06
            </td>
            <td
              class="sc-5e6c3969-3 gZyhHi"
            >
              link_da_foto_6
            </td>
            <td
              class="sc-5e6c3969-3 gZyhHi"
            >
              Nelson Oliveira
            </td>
            <td
              class="sc-5e6c3969-3 gZyhHi"
            >
              nelson.oliveira@gmail.com
            </td>
            <td
              class="sc-5e6c3969-3 gZyhHi"
            >
              07
            </td>
            <td
              class="sc-5e6c3969-3 gZyhHi"
            >
              10/01/2024
            </td>
            <td
              class="sc-5e6c3969-3 gZyhHi"
            >
              <button
                class="sc-5e6c3969-5 bYMSvV"
              >
                <svg
                  fill="none"
                  height="17"
                  stroke="currentColor"
                  stroke-linecap="round"
                  stroke-linejoin="round"
                  stroke-width="2"
                  viewBox="0 0 24 24"
                  width="17"
                  xmlns="http://www.w3.org/2000/svg"
                >
                  <circle
                    cx="12"
                    cy="12"
                    r="1"
                  />
                  <circle
                    cx="12"
                    cy="5"
                    r="1"
                  />
                  <circle
                    cx="12"
                    cy="19"
                    r="1"
                  />
                </svg>
              </button>
            </td>
          </tr>
          <tr
            class="sc-5e6c3969-1 eMTqXC"
          >
            <td
              class="sc-5e6c3969-3 gZyhHi"
            >
              07
            </td>
            <td
              class="sc-5e6c3969-3 gZyhHi"
            >
              link_da_foto_7
            </td>
            <td
              class="sc-5e6c3969-3 gZyhHi"
            >
              Mariana Silva
            </td>
            <td
              class="sc-5e6c3969-3 gZyhHi"
            >
              mariana.silva@gmail.com
            </td>
            <td
              class="sc-5e6c3969-3 gZyhHi"
            >
              01
            </td>
            <td
              class="sc-5e6c3969-3 gZyhHi"
            >
              11/01/2024
            </td>
            <td
              class="sc-5e6c3969-3 gZyhHi"
            >
              <button
                class="sc-5e6c3969-5 bYMSvV"
              >
                <svg
                  fill="none"
                  height="17"
                  stroke="currentColor"
                  stroke-linecap="round"
                  stroke-linejoin="round"
                  stroke-width="2"
                  viewBox="0 0 24 24"
                  width="17"
                  xmlns="http://www.w3.org/2000/svg"
                >
                  <circle
                    cx="12"
                    cy="12"
                    r="1"
                  />
                  <circle
                    cx="12"
                    cy="5"
                    r="1"
                  />
                  <circle
                    cx="12"
                    cy="19"
                    r="1"
                  />
                </svg>
              </button>
            </td>
          </tr>
          <tr
            class="sc-5e6c3969-1 eMTqXC"
          >
            <td
              class="sc-5e6c3969-3 gZyhHi"
            >
              08
            </td>
            <td
              class="sc-5e6c3969-3 gZyhHi"
            >
              link_da_foto_8
            </td>
            <td
              class="sc-5e6c3969-3 gZyhHi"
            >
              Roberto Carlos
            </td>
            <td
              class="sc-5e6c3969-3 gZyhHi"
            >
              roberto.carlos@gmail.com
            </td>
            <td
              class="sc-5e6c3969-3 gZyhHi"
            >
              05
            </td>
            <td
              class="sc-5e6c3969-3 gZyhHi"
            >
              15/01/2024
            </td>
            <td
              class="sc-5e6c3969-3 gZyhHi"
            >
              <button
                class="sc-5e6c3969-5 bYMSvV"
              >
                <svg
                  fill="none"
                  height="17"
                  stroke="currentColor"
                  stroke-linecap="round"
                  stroke-linejoin="round"
                  stroke-width="2"
                  viewBox="0 0 24 24"
                  width="17"
                  xmlns="http://www.w3.org/2000/svg"
                >
                  <circle
                    cx="12"
                    cy="12"
                    r="1"
                  />
                  <circle
                    cx="12"
                    cy="5"
                    r="1"
                  />
                  <circle
                    cx="12"
                    cy="19"
                    r="1"
                  />
                </svg>
              </button>
            </td>
          </tr>
          <tr
            class="sc-5e6c3969-1 eMTqXC"
          >
            <td
              class="sc-5e6c3969-3 gZyhHi"
            >
              09
            </td>
            <td
              class="sc-5e6c3969-3 gZyhHi"
            >
              link_da_foto_9
            </td>
            <td
              class="sc-5e6c3969-3 gZyhHi"
            >
              Tatiane Lopes
            </td>
            <td
              class="sc-5e6c3969-3 gZyhHi"
            >
              tatiane.lopes@gmail.com
            </td>
            <td
              class="sc-5e6c3969-3 gZyhHi"
            >
              06
            </td>
            <td
              class="sc-5e6c3969-3 gZyhHi"
            >
              20/01/2024
            </td>
            <td
              class="sc-5e6c3969-3 gZyhHi"
            >
              <button
                class="sc-5e6c3969-5 bYMSvV"
              >
                <svg
                  fill="none"
                  height="17"
                  stroke="currentColor"
                  stroke-linecap="round"
                  stroke-linejoin="round"
                  stroke-width="2"
                  viewBox="0 0 24 24"
                  width="17"
                  xmlns="http://www.w3.org/2000/svg"
                >
                  <circle
                    cx="12"
                    cy="12"
                    r="1"
                  />
                  <circle
                    cx="12"
                    cy="5"
                    r="1"
                  />
                  <circle
                    cx="12"
                    cy="19"
                    r="1"
                  />
                </svg>
              </button>
            </td>
          </tr>
          <tr
            class="sc-5e6c3969-1 eMTqXC"
          >
            <td
              class="sc-5e6c3969-3 gZyhHi"
            >
              10
            </td>
            <td
              class="sc-5e6c3969-3 gZyhHi"
            >
              link_da_foto_10
            </td>
            <td
              class="sc-5e6c3969-3 gZyhHi"
            >
              Ricardo Mendes
            </td>
            <td
              class="sc-5e6c3969-3 gZyhHi"
            >
              ricardo.mendes@gmail.com
            </td>
            <td
              class="sc-5e6c3969-3 gZyhHi"
            >
              10
            </td>
            <td
              class="sc-5e6c3969-3 gZyhHi"
            >
              25/01/2024
            </td>
            <td
              class="sc-5e6c3969-3 gZyhHi"
            >
              <button
                class="sc-5e6c3969-5 bYMSvV"
              >
                <svg
                  fill="none"
                  height="17"
                  stroke="currentColor"
                  stroke-linecap="round"
                  stroke-linejoin="round"
                  stroke-width="2"
                  viewBox="0 0 24 24"
                  width="17"
                  xmlns="http://www.w3.org/2000/svg"
                >
                  <circle
                    cx="12"
                    cy="12"
                    r="1"
                  />
                  <circle
                    cx="12"
                    cy="5"
                    r="1"
                  />
                  <circle
                    cx="12"
                    cy="19"
                    r="1"
                  />
                </svg>
              </button>
            </td>
          </tr>
          <tr
            class="sc-5e6c3969-1 eMTqXC"
          >
            <td
              class="sc-5e6c3969-3 gZyhHi"
            >
              11
            </td>
            <td
              class="sc-5e6c3969-3 gZyhHi"
            >
              link_da_foto_11
            </td>
            <td
              class="sc-5e6c3969-3 gZyhHi"
            >
              Aline Pires
            </td>
            <td
              class="sc-5e6c3969-3 gZyhHi"
            >
              aline.pires@gmail.com
            </td>
            <td
              class="sc-5e6c3969-3 gZyhHi"
            >
              03
            </td>
            <td
              class="sc-5e6c3969-3 gZyhHi"
            >
              30/01/2024
            </td>
            <td
              class="sc-5e6c3969-3 gZyhHi"
            >
              <button
                class="sc-5e6c3969-5 bYMSvV"
              >
                <svg
                  fill="none"
                  height="17"
                  stroke="currentColor"
                  stroke-linecap="round"
                  stroke-linejoin="round"
                  stroke-width="2"
                  viewBox="0 0 24 24"
                  width="17"
                  xmlns="http://www.w3.org/2000/svg"
                >
                  <circle
                    cx="12"
                    cy="12"
                    r="1"
                  />
                  <circle
                    cx="12"
                    cy="5"
                    r="1"
                  />
                  <circle
                    cx="12"
                    cy="19"
                    r="1"
                  />
                </svg>
              </button>
            </td>
          </tr>
          <tr
            class="sc-5e6c3969-1 eMTqXC"
          >
            <td
              class="sc-5e6c3969-3 gZyhHi"
            >
              12
            </td>
            <td
              class="sc-5e6c3969-3 gZyhHi"
            >
              link_da_foto_12
            </td>
            <td
              class="sc-5e6c3969-3 gZyhHi"
            >
              Samuel Gomes
            </td>
            <td
              class="sc-5e6c3969-3 gZyhHi"
            >
              samuel.gomes@gmail.com
            </td>
            <td
              class="sc-5e6c3969-3 gZyhHi"
            >
              04
            </td>
            <td
              class="sc-5e6c3969-3 gZyhHi"
            >
              02/02/2024
            </td>
            <td
              class="sc-5e6c3969-3 gZyhHi"
            >
              <button
                class="sc-5e6c3969-5 bYMSvV"
              >
                <svg
                  fill="none"
                  height="17"
                  stroke="currentColor"
                  stroke-linecap="round"
                  stroke-linejoin="round"
                  stroke-width="2"
                  viewBox="0 0 24 24"
                  width="17"
                  xmlns="http://www.w3.org/2000/svg"
                >
                  <circle
                    cx="12"
                    cy="12"
                    r="1"
                  />
                  <circle
                    cx="12"
                    cy="5"
                    r="1"
                  />
                  <circle
                    cx="12"
                    cy="19"
                    r="1"
                  />
                </svg>
              </button>
            </td>
          </tr>
          <tr
            class="sc-5e6c3969-1 eMTqXC"
          >
            <td
              class="sc-5e6c3969-3 gZyhHi"
            >
              13
            </td>
            <td
              class="sc-5e6c3969-3 gZyhHi"
            >
              link_da_foto_13
            </td>
            <td
              class="sc-5e6c3969-3 gZyhHi"
            >
              Juliana Santos
            </td>
            <td
              class="sc-5e6c3969-3 gZyhHi"
            >
              juliana.santos@gmail.com
            </td>
            <td
              class="sc-5e6c3969-3 gZyhHi"
            >
              09
            </td>
            <td
              class="sc-5e6c3969-3 gZyhHi"
            >
              05/02/2024
            </td>
            <td
              class="sc-5e6c3969-3 gZyhHi"
            >
              <button
                class="sc-5e6c3969-5 bYMSvV"
              >
                <svg
                  fill="none"
                  height="17"
                  stroke="currentColor"
                  stroke-linecap="round"
                  stroke-linejoin="round"
                  stroke-width="2"
                  viewBox="0 0 24 24"
                  width="17"
                  xmlns="http://www.w3.org/2000/svg"
                >
                  <circle
                    cx="12"
                    cy="12"
                    r="1"
                  />
                  <circle
                    cx="12"
                    cy="5"
                    r="1"
                  />
                  <circle
                    cx="12"
                    cy="19"
                    r="1"
                  />
                </svg>
              </button>
            </td>
          </tr>
          <tr
            class="sc-5e6c3969-1 eMTqXC"
          >
            <td
              class="sc-5e6c3969-3 gZyhHi"
            >
              14
            </td>
            <td
              class="sc-5e6c3969-3 gZyhHi"
            >
              link_da_foto_14
            </td>
            <td
              class="sc-5e6c3969-3 gZyhHi"
            >
              Fernanda Lima
            </td>
            <td
              class="sc-5e6c3969-3 gZyhHi"
            >
              fernanda.lima@gmail.com
            </td>
            <td
              class="sc-5e6c3969-3 gZyhHi"
            >
              11
            </td>
            <td
              class="sc-5e6c3969-3 gZyhHi"
            >
              10/02/2024
            </td>
            <td
              class="sc-5e6c3969-3 gZyhHi"
            >
              <button
                class="sc-5e6c3969-5 bYMSvV"
              >
                <svg
                  fill="none"
                  height="17"
                  stroke="currentColor"
                  stroke-linecap="round"
                  stroke-linejoin="round"
                  stroke-width="2"
                  viewBox="0 0 24 24"
                  width="17"
                  xmlns="http://www.w3.org/2000/svg"
                >
                  <circle
                    cx="12"
                    cy="12"
                    r="1"
                  />
                  <circle
                    cx="12"
                    cy="5"
                    r="1"
                  />
                  <circle
                    cx="12"
                    cy="19"
                    r="1"
                  />
                </svg>
              </button>
            </td>
          </tr>
          <tr
            class="sc-5e6c3969-1 eMTqXC"
          >
            <td
              class="sc-5e6c3969-3 gZyhHi"
            >
              15
            </td>
            <td
              class="sc-5e6c3969-3 gZyhHi"
            >
              link_da_foto_15
            </td>
            <td
              class="sc-5e6c3969-3 gZyhHi"
            >
              Gustavo Rocha
            </td>
            <td
              class="sc-5e6c3969-3 gZyhHi"
            >
              gustavo.rocha@gmail.com
            </td>
            <td
              class="sc-5e6c3969-3 gZyhHi"
            >
              08
            </td>
            <td
              class="sc-5e6c3969-3 gZyhHi"
            >
              15/02/2024
            </td>
            <td
              class="sc-5e6c3969-3 gZyhHi"
            >
              <button
                class="sc-5e6c3969-5 bYMSvV"
              >
                <svg
                  fill="none"
                  height="17"
                  stroke="currentColor"
                  stroke-linecap="round"
                  stroke-linejoin="round"
                  stroke-width="2"
                  viewBox="0 0 24 24"
                  width="17"
                  xmlns="http://www.w3.org/2000/svg"
                >
                  <circle
                    cx="12"
                    cy="12"
                    r="1"
                  />
                  <circle
                    cx="12"
                    cy="5"
                    r="1"
                  />
                  <circle
                    cx="12"
                    cy="19"
                    r="1"
                  />
                </svg>
              </button>
            </td>
          </tr>
          <tr
            class="sc-5e6c3969-1 eMTqXC"
          >
            <td
              class="sc-5e6c3969-3 gZyhHi"
            >
              16
            </td>
            <td
              class="sc-5e6c3969-3 gZyhHi"
            >
              link_da_foto_16
            </td>
            <td
              class="sc-5e6c3969-3 gZyhHi"
            >
              Bruna Almeida
            </td>
            <td
              class="sc-5e6c3969-3 gZyhHi"
            >
              bruna.almeida@gmail.com
            </td>
            <td
              class="sc-5e6c3969-3 gZyhHi"
            >
              02
            </td>
            <td
              class="sc-5e6c3969-3 gZyhHi"
            >
              20/02/2024
            </td>
            <td
              class="sc-5e6c3969-3 gZyhHi"
            >
              <button
                class="sc-5e6c3969-5 bYMSvV"
              >
                <svg
                  fill="none"
                  height="17"
                  stroke="currentColor"
                  stroke-linecap="round"
                  stroke-linejoin="round"
                  stroke-width="2"
                  viewBox="0 0 24 24"
                  width="17"
                  xmlns="http://www.w3.org/2000/svg"
                >
                  <circle
                    cx="12"
                    cy="12"
                    r="1"
                  />
                  <circle
                    cx="12"
                    cy="5"
                    r="1"
                  />
                  <circle
                    cx="12"
                    cy="19"
                    r="1"
                  />
                </svg>
              </button>
            </td>
          </tr>
          <tr
            class="sc-5e6c3969-1 eMTqXC"
          >
            <td
              class="sc-5e6c3969-3 gZyhHi"
            >
              17
            </td>
            <td
              class="sc-5e6c3969-3 gZyhHi"
            >
              link_da_foto_17
            </td>
            <td
              class="sc-5e6c3969-3 gZyhHi"
            >
              Lucas Ferreira
            </td>
            <td
              class="sc-5e6c3969-3 gZyhHi"
            >
              lucas.ferreira@gmail.com
            </td>
            <td
              class="sc-5e6c3969-3 gZyhHi"
            >
              05
            </td>
            <td
              class="sc-5e6c3969-3 gZyhHi"
            >
              25/02/2024
            </td>
            <td
              class="sc-5e6c3969-3 gZyhHi"
            >
              <button
                class="sc-5e6c3969-5 bYMSvV"
              >
                <svg
                  fill="none"
                  height="17"
                  stroke="currentColor"
                  stroke-linecap="round"
                  stroke-linejoin="round"
                  stroke-width="2"
                  viewBox="0 0 24 24"
                  width="17"
                  xmlns="http://www.w3.org/2000/svg"
                >
                  <circle
                    cx="12"
                    cy="12"
                    r="1"
                  />
                  <circle
                    cx="12"
                    cy="5"
                    r="1"
                  />
                  <circle
                    cx="12"
                    cy="19"
                    r="1"
                  />
                </svg>
              </button>
            </td>
          </tr>
          <tr
            class="sc-5e6c3969-1 eMTqXC"
          >
            <td
              class="sc-5e6c3969-3 gZyhHi"
            >
              18
            </td>
            <td
              class="sc-5e6c3969-3 gZyhHi"
            >
              link_da_foto_18
            </td>
            <td
              class="sc-5e6c3969-3 gZyhHi"
            >
              Larissa Costa
            </td>
            <td
              class="sc-5e6c3969-3 gZyhHi"
            >
              larissa.costa@gmail.com
            </td>
            <td
              class="sc-5e6c3969-3 gZyhHi"
            >
              06
            </td>
            <td
              class="sc-5e6c3969-3 gZyhHi"
            >
              01/03/2024
            </td>
            <td
              class="sc-5e6c3969-3 gZyhHi"
            >
              <button
                class="sc-5e6c3969-5 bYMSvV"
              >
                <svg
                  fill="none"
                  height="17"
                  stroke="currentColor"
                  stroke-linecap="round"
                  stroke-linejoin="round"
                  stroke-width="2"
                  viewBox="0 0 24 24"
                  width="17"
                  xmlns="http://www.w3.org/2000/svg"
                >
                  <circle
                    cx="12"
                    cy="12"
                    r="1"
                  />
                  <circle
                    cx="12"
                    cy="5"
                    r="1"
                  />
                  <circle
                    cx="12"
                    cy="19"
                    r="1"
                  />
                </svg>
              </button>
            </td>
          </tr>
          <tr
            class="sc-5e6c3969-1 eMTqXC"
          >
            <td
              class="sc-5e6c3969-3 gZyhHi"
            >
              19
            </td>
            <td
              class="sc-5e6c3969-3 gZyhHi"
            >
              link_da_foto_19
            </td>
            <td
              class="sc-5e6c3969-3 gZyhHi"
            >
              Vitor Hugo
            </td>
            <td
              class="sc-5e6c3969-3 gZyhHi"
            >
              vitor.hugo@gmail.com
            </td>
            <td
              class="sc-5e6c3969-3 gZyhHi"
            >
              12
            </td>
            <td
              class="sc-5e6c3969-3 gZyhHi"
            >
              05/03/2024
            </td>
            <td
              class="sc-5e6c3969-3 gZyhHi"
            >
              <button
                class="sc-5e6c3969-5 bYMSvV"
              >
                <svg
                  fill="none"
                  height="17"
                  stroke="currentColor"
                  stroke-linecap="round"
                  stroke-linejoin="round"
                  stroke-width="2"
                  viewBox="0 0 24 24"
                  width="17"
                  xmlns="http://www.w3.org/2000/svg"
                >
                  <circle
                    cx="12"
                    cy="12"
                    r="1"
                  />
                  <circle
                    cx="12"
                    cy="5"
                    r="1"
                  />
                  <circle
                    cx="12"
                    cy="19"
                    r="1"
                  />
                </svg>
              </button>
            </td>
          </tr>
          <tr
            class="sc-5e6c3969-1 eMTqXC"
          >
            <td
              class="sc-5e6c3969-3 gZyhHi"
            >
              20
            </td>
            <td
              class="sc-5e6c3969-3 gZyhHi"
            >
              link_da_foto_20
            </td>
            <td
              class="sc-5e6c3969-3 gZyhHi"
            >
              Sofia Martins
            </td>
            <td
              class="sc-5e6c3969-3 gZyhHi"
            >
              sofia.martins@gmail.com
            </td>
            <td
              class="sc-5e6c3969-3 gZyhHi"
            >
              07
            </td>
            <td
              class="sc-5e6c3969-3 gZyhHi"
            >
              10/03/2024
            </td>
            <td
              class="sc-5e6c3969-3 gZyhHi"
            >
              <button
                class="sc-5e6c3969-5 bYMSvV"
              >
                <svg
                  fill="none"
                  height="17"
                  stroke="currentColor"
                  stroke-linecap="round"
                  stroke-linejoin="round"
                  stroke-width="2"
                  viewBox="0 0 24 24"
                  width="17"
                  xmlns="http://www.w3.org/2000/svg"
                >
                  <circle
                    cx="12"
                    cy="12"
                    r="1"
                  />
                  <circle
                    cx="12"
                    cy="5"
                    r="1"
                  />
                  <circle
                    cx="12"
                    cy="19"
                    r="1"
                  />
                </svg>
              </button>
            </td>
          </tr>
        </tbody>
      </table>
      <div
        class="sc-7117240f-0 kUZrUL"
      >
        <div
          class="sc-7117240f-0 ezaQhE"
        >
          <button
            class="sc-7633ecca-0 fgGdMj"
          >
            <svg
              fill="none"
              height="23"
              stroke="currentColor"
              stroke-linecap="round"
              stroke-linejoin="round"
              stroke-width="2"
              viewBox="0 0 24 24"
              width="23"
              xmlns="http://www.w3.org/2000/svg"
            >
              <polyline
                points="15 18 9 12 15 6"
              />
            </svg>
            Prev
          </button>
          <div
            class="sc-7117240f-0 eyrdUy"
          >
            <div
              class="sc-7633ecca-1 fJlMcc"
            />
             - 
            <div
              class="sc-7633ecca-1 cwTtGg"
            />
          </div>
          <button
            class="sc-7633ecca-0 fgGdMj"
          >
            Prox
            <svg
              fill="none"
              height="23"
              stroke="currentColor"
              stroke-linecap="round"
              stroke-linejoin="round"
              stroke-width="2"
              viewBox="0 0 24 24"
              width="23"
              xmlns="http://www.w3.org/2000/svg"
            >
              <polyline
                points="9 18 15 12 9 6"
              />
            </svg>
          </button>
        </div>
      </div>
    </div>
  </div>
</div>
`;
