// Jest Snapshot v1, https://goo.gl/fbAQLP

exports[`FarmRegister should render FarmRegister 1`] = `
<div
  style="isolation: isolate;"
>
  <div
    class="sc-3475e50e-0 GShXl"
  >
    <div
      class="_1xgjmkvc"
      style="--_1xgjmkv2: 0px; --_1xgjmkv1: 0px; --_1xgjmkv0: 0px; --_1xgjmkv5: 24px; --_1xgjmkv4: 24px; --_1xgjmkv3: 24px; --_1xgjmkv8: 0px; --_1xgjmkv7: 0px; --_1xgjmkv6: 0px; --_1xgjmkvb: 0px; --_1xgjmkva: 0px; --_1xgjmkv9: 0px;"
    >
      <img
        alt="boe-logo"
        data-nimg="1"
        decoding="async"
        height="60"
        loading="lazy"
        src="/assets/boe-logo02.svg"
        style="color: transparent;"
        width="60"
      />
    </div>
    <div
      class="sc-c11c7bb3-0 geqYUz"
    >
      <div
        class="_1xgjmkvc"
        style="--_1xgjmkv2: 0px; --_1xgjmkv1: 0px; --_1xgjmkv0: 0px; --_1xgjmkv5: 16px; --_1xgjmkv4: 16px; --_1xgjmkv3: 16px; --_1xgjmkv8: 0px; --_1xgjmkv7: 0px; --_1xgjmkv6: 0px; --_1xgjmkvb: 0px; --_1xgjmkva: 0px; --_1xgjmkv9: 0px; width: 100%; box-sizing: border-box;"
      >
        <div
          class="xjgm6d4"
          style="--xjgm6d0: 8px;"
        >
          <div>
            <span
              class="splu5g7 splu5g5"
              data-component-name="Text5"
              style="--splu5g0: 1.250rem; --splu5g2: 1.500rem; --splu5g1: 1.750rem; --splu5g3: 2.000rem; hyphens: auto; font-weight: 300; text-transform: inherit; text-decoration: inherit; overflow-wrap: anywhere; white-space: pre-line;"
            >
              <div
                class="sc-27a4d30c-1 iYhVWn"
              >
                Dados da fazenda
              </div>
            </span>
          </div>
          <div>
            <span
              class="splu5g7 splu5g5"
              data-component-name="Text1"
              style="--splu5g0: 0.750rem; --splu5g2: 1.000rem; --splu5g1: 0.875rem; --splu5g3: 1.250rem; hyphens: auto; font-weight: 400; text-transform: inherit; text-decoration: inherit; overflow-wrap: anywhere; white-space: pre-line;"
            >
              <div
                class="sc-7117240f-0 eyrdUy"
              >
                <span
                  class="splu5g7 splu5g5"
                  data-component-name="Text1"
                  style="--splu5g0: 0.750rem; --splu5g2: 1.000rem; --splu5g1: 0.875rem; --splu5g3: 1.250rem; hyphens: auto; font-weight: 400; text-transform: inherit; text-decoration: inherit; overflow-wrap: anywhere; white-space: pre-line;"
                >
                  Já possui uma conta?
                </span>
                <button
                  class="link"
                >
                  Log in
                </button>
              </div>
            </span>
          </div>
        </div>
      </div>
      <div
        class="sc-27a4d30c-0 bImiIJ"
      >
        <div
          class="sc-365eeaa8-0 jmluUC"
        >
          <span
            class="splu5g7 splu5g5"
            data-component-name="Text2"
            style="--splu5g0: 0.875rem; --splu5g2: 1.250rem; --splu5g1: 1.000rem; --splu5g3: 1.500rem; hyphens: auto; font-weight: 500; text-transform: inherit; text-decoration: inherit; overflow-wrap: anywhere; white-space: pre-line;"
          >
            Nome da propriedade
          </span>
          <div
            style="position: relative;"
          >
            <input
              class="sc-dc61514b-0 dMMbyf"
              name="property-name"
              placeholder="Insira o nome da fazenda"
              type=""
              value="Agostinho Carrara Farm"
            />
          </div>
        </div>
        <div
          class="sc-7117240f-0 cCCHfK"
        >
          <div
            class="sc-365eeaa8-0 ddDRSk"
          >
            <span
              class="splu5g7 splu5g5"
              data-component-name="Text2"
              style="--splu5g0: 0.875rem; --splu5g2: 1.250rem; --splu5g1: 1.000rem; --splu5g3: 1.500rem; hyphens: auto; font-weight: 500; text-transform: inherit; text-decoration: inherit; overflow-wrap: anywhere; white-space: pre-line;"
            >
              Telefone (fazenda)
            </span>
            <div
              style="position: relative;"
            >
              <input
                class="sc-dc61514b-0 dMMbyf"
                name="property-phone"
                placeholder="(00) 00000-0000"
                type=""
                value="11999999999"
              />
            </div>
          </div>
          <div
            class="sc-365eeaa8-0 fXjQbv"
          >
            <span
              class="splu5g7 splu5g5"
              data-component-name="Text2"
              style="--splu5g0: 0.875rem; --splu5g2: 1.250rem; --splu5g1: 1.000rem; --splu5g3: 1.500rem; hyphens: auto; font-weight: 500; text-transform: inherit; text-decoration: inherit; overflow-wrap: anywhere; white-space: pre-line;"
            >
              CNPJ
            </span>
            <div
              style="position: relative;"
            >
              <input
                class="sc-dc61514b-0 dMMbyf"
                name="cnpj"
                placeholder="0.000.000/0000-00"
                type=""
                value="123456789"
              />
            </div>
          </div>
        </div>
        <div
          class="sc-7117240f-0 cCCHfK"
        >
          <div
            class="sc-365eeaa8-0 gLLJre"
          >
            <span
              class="splu5g7 splu5g5"
              data-component-name="Text2"
              style="--splu5g0: 0.875rem; --splu5g2: 1.250rem; --splu5g1: 1.000rem; --splu5g3: 1.500rem; hyphens: auto; font-weight: 500; text-transform: inherit; text-decoration: inherit; overflow-wrap: anywhere; white-space: pre-line;"
            >
              CEP
            </span>
            <div
              style="position: relative;"
            >
              <input
                class="sc-dc61514b-0 dMMbyf"
                name="postal-code"
                placeholder="00000-000"
                type=""
                value="12345678"
              />
            </div>
          </div>
          <div
            class="sc-365eeaa8-0 ddDRSk"
          >
            <span
              class="splu5g7 splu5g5"
              data-component-name="Text2"
              style="--splu5g0: 0.875rem; --splu5g2: 1.250rem; --splu5g1: 1.000rem; --splu5g3: 1.500rem; hyphens: auto; font-weight: 500; text-transform: inherit; text-decoration: inherit; overflow-wrap: anywhere; white-space: pre-line;"
            >
              Estado
            </span>
            <div
              style="position: relative;"
            >
              <input
                class="sc-dc61514b-0 dMMbyf"
                name="uf-state"
                placeholder="UF"
                type=""
                value="SP"
              />
            </div>
          </div>
        </div>
        <div
          class="sc-7117240f-0 cCCHfK"
        >
          <div
            class="sc-365eeaa8-0 ddDRSk"
          >
            <span
              class="splu5g7 splu5g5"
              data-component-name="Text2"
              style="--splu5g0: 0.875rem; --splu5g2: 1.250rem; --splu5g1: 1.000rem; --splu5g3: 1.500rem; hyphens: auto; font-weight: 500; text-transform: inherit; text-decoration: inherit; overflow-wrap: anywhere; white-space: pre-line;"
            >
              Cidade
            </span>
            <div
              style="position: relative;"
            >
              <input
                class="sc-dc61514b-0 dMMbyf"
                name="city"
                placeholder="Localidade"
                type=""
                value="São Paulo"
              />
            </div>
          </div>
          <div
            class="sc-365eeaa8-0 gLLJre"
          >
            <span
              class="splu5g7 splu5g5"
              data-component-name="Text2"
              style="--splu5g0: 0.875rem; --splu5g2: 1.250rem; --splu5g1: 1.000rem; --splu5g3: 1.500rem; hyphens: auto; font-weight: 500; text-transform: inherit; text-decoration: inherit; overflow-wrap: anywhere; white-space: pre-line;"
            >
              Endereço
            </span>
            <div
              style="position: relative;"
            >
              <input
                class="sc-dc61514b-0 dMMbyf"
                name="street-address"
                placeholder="Bairro, Rua, nº"
                type=""
                value="Rua das Margaridas, 123"
              />
            </div>
          </div>
        </div>
        <div
          class="_1xgjmkvc"
          style="--_1xgjmkv2: 0px; --_1xgjmkv1: 0px; --_1xgjmkv0: 0px; --_1xgjmkv5: 0px; --_1xgjmkv4: 0px; --_1xgjmkv3: 0px; --_1xgjmkv8: 0px; --_1xgjmkv7: 0px; --_1xgjmkv6: 0px; --_1xgjmkvb: 0px; --_1xgjmkva: 0px; --_1xgjmkv9: 0px; width: 100%; box-sizing: border-box;"
        >
          <div
            class="kfxylh1 _1y2v1nfhk _1y2v1nfhz kfxylha _1y2v1nfht kfxylh2"
            data-component-name="ButtonLayout"
          >
            <button
              class="sc-daa8886c-0 ehJPuv"
            >
              Concluir registro
            </button>
            <button
              class="sc-5796d2d3-0 bySUev"
            >
              Voltar
            </button>
          </div>
        </div>
      </div>
    </div>
  </div>
</div>
`;
