// Jest Snapshot v1, https://goo.gl/fbAQLP

exports[`DiagnosisList should render DiagnosisList 1`] = `
<div
  style="isolation: isolate;"
>
  <div
    class="sc-1680a659-0 fhsxWp"
  >
    <div
      class="sc-7117240f-0 cCCHfK"
    >
      <div
        data-component-name="Title3"
      >
        <h3
          class="splu5g7 splu5g5"
          data-component-name="Text"
          style="--splu5g0: 1.250rem; --splu5g2: 1.500rem; --splu5g1: 1.750rem; --splu5g3: 2.000rem; hyphens: auto; font-weight: 300; text-transform: inherit; text-decoration: inherit; overflow-wrap: anywhere; white-space: pre-line;"
        >
          <b>
            Contas vinculadas
          </b>
        </h3>
      </div>
    </div>
    <table
      class="sc-8fa2946b-0 dVhmZb"
    >
      <thead>
        <tr
          class="sc-8fa2946b-1 ipsNVD"
        >
          <th
            class="sc-8fa2946b-2 gBdwvv"
          />
          <th
            class="sc-8fa2946b-2 gBdwvv"
          >
            Id do animal
          </th>
          <th
            class="sc-8fa2946b-2 gBdwvv"
          >
            Resultado
          </th>
          <th
            class="sc-8fa2946b-2 gBdwvv"
          >
            Risco (em %)
          </th>
          <th
            class="sc-8fa2946b-2 gBdwvv"
          >
            Autor da análise
          </th>
          <th
            class="sc-8fa2946b-2 gBdwvv"
          >
            Data
          </th>
          <th
            class="sc-8fa2946b-2 gBdwvv"
          >
            Ação
          </th>
        </tr>
      </thead>
      <tbody>
        <tr
          class="sc-8fa2946b-1 ipsNVD"
        >
          <td
            class="sc-8fa2946b-3 TYouo"
          >
            <span
              style="background-color: rgb(255, 235, 54); width: 10px; height: 10px; border-radius: 50%; display: inline-block;"
            />
          </td>
          <td
            class="sc-8fa2946b-3 TYouo"
          >
            <div
              style="display: flex; align-items: center;"
            >
              <img
                alt="Animal"
                src="https://placekitten.com/50/50?image=0"
                style="width: 30px; height: 30px; border-radius: 50%; margin-right: 8px;"
              />
              <span>
                AU1000
              </span>
            </div>
          </td>
          <td
            class="sc-8fa2946b-3 TYouo"
          >
            <span
              style="background-color: rgb(255, 18, 203); color: white; padding: 4px 8px; border-radius: 8px;"
            >
              Dermatofitose
            </span>
          </td>
          <td
            class="sc-8fa2946b-3 TYouo"
          >
            <span
              style="background-color: rgb(255, 235, 54); color: white; padding: 4px 8px; border-radius: 8px;"
            >
              82
              %
            </span>
          </td>
          <td
            class="sc-8fa2946b-3 TYouo"
          >
            <div
              style="display: flex; align-items: center;"
            >
              <img
                alt="Author"
                src="https://randomuser.me/api/portraits/men/0.jpg"
                style="width: 30px; height: 30px; border-radius: 50%; margin-right: 8px;"
              />
              <span>
                Nelson Oliveira
              </span>
            </div>
          </td>
          <td
            class="sc-8fa2946b-3 TYouo"
          >
            <span>
              17/09/2024
            </span>
          </td>
          <td
            class="sc-8fa2946b-3 TYouo"
          >
            <button
              class="sc-8fa2946b-5 ccChiB"
            >
              <svg
                fill="none"
                height="17"
                stroke="currentColor"
                stroke-linecap="round"
                stroke-linejoin="round"
                stroke-width="2"
                viewBox="0 0 24 24"
                width="17"
                xmlns="http://www.w3.org/2000/svg"
              >
                <circle
                  cx="12"
                  cy="12"
                  r="1"
                />
                <circle
                  cx="12"
                  cy="5"
                  r="1"
                />
                <circle
                  cx="12"
                  cy="19"
                  r="1"
                />
              </svg>
            </button>
          </td>
        </tr>
        <tr
          class="sc-8fa2946b-1 ipsNVD"
        >
          <td
            class="sc-8fa2946b-3 TYouo"
          >
            <span
              style="background-color: rgb(255, 235, 54); width: 10px; height: 10px; border-radius: 50%; display: inline-block;"
            />
          </td>
          <td
            class="sc-8fa2946b-3 TYouo"
          >
            <div
              style="display: flex; align-items: center;"
            >
              <img
                alt="Animal"
                src="https://placekitten.com/50/50?image=1"
                style="width: 30px; height: 30px; border-radius: 50%; margin-right: 8px;"
              />
              <span>
                AU1001
              </span>
            </div>
          </td>
          <td
            class="sc-8fa2946b-3 TYouo"
          >
            <span
              style="background-color: rgb(0, 218, 182); color: white; padding: 4px 8px; border-radius: 8px;"
            >
              Dermatite
            </span>
          </td>
          <td
            class="sc-8fa2946b-3 TYouo"
          >
            <span
              style="background-color: rgb(255, 235, 54); color: white; padding: 4px 8px; border-radius: 8px;"
            >
              52
              %
            </span>
          </td>
          <td
            class="sc-8fa2946b-3 TYouo"
          >
            <div
              style="display: flex; align-items: center;"
            >
              <img
                alt="Author"
                src="https://randomuser.me/api/portraits/men/1.jpg"
                style="width: 30px; height: 30px; border-radius: 50%; margin-right: 8px;"
              />
              <span>
                Fabrício Neves
              </span>
            </div>
          </td>
          <td
            class="sc-8fa2946b-3 TYouo"
          >
            <span>
              18/09/2024
            </span>
          </td>
          <td
            class="sc-8fa2946b-3 TYouo"
          >
            <button
              class="sc-8fa2946b-5 ccChiB"
            >
              <svg
                fill="none"
                height="17"
                stroke="currentColor"
                stroke-linecap="round"
                stroke-linejoin="round"
                stroke-width="2"
                viewBox="0 0 24 24"
                width="17"
                xmlns="http://www.w3.org/2000/svg"
              >
                <circle
                  cx="12"
                  cy="12"
                  r="1"
                />
                <circle
                  cx="12"
                  cy="5"
                  r="1"
                />
                <circle
                  cx="12"
                  cy="19"
                  r="1"
                />
              </svg>
            </button>
          </td>
        </tr>
        <tr
          class="sc-8fa2946b-1 ipsNVD"
        >
          <td
            class="sc-8fa2946b-3 TYouo"
          >
            <span
              style="background-color: rgb(59, 214, 64); width: 10px; height: 10px; border-radius: 50%; display: inline-block;"
            />
          </td>
          <td
            class="sc-8fa2946b-3 TYouo"
          >
            <div
              style="display: flex; align-items: center;"
            >
              <img
                alt="Animal"
                src="https://placekitten.com/50/50?image=2"
                style="width: 30px; height: 30px; border-radius: 50%; margin-right: 8px;"
              />
              <span>
                AU1002
              </span>
            </div>
          </td>
          <td
            class="sc-8fa2946b-3 TYouo"
          >
            <span
              style="background-color: rgb(0, 218, 182); color: white; padding: 4px 8px; border-radius: 8px;"
            >
              Dermatite
            </span>
          </td>
          <td
            class="sc-8fa2946b-3 TYouo"
          >
            <span
              style="background-color: rgb(59, 214, 64); color: white; padding: 4px 8px; border-radius: 8px;"
            >
              8
              %
            </span>
          </td>
          <td
            class="sc-8fa2946b-3 TYouo"
          >
            <div
              style="display: flex; align-items: center;"
            >
              <img
                alt="Author"
                src="https://randomuser.me/api/portraits/men/2.jpg"
                style="width: 30px; height: 30px; border-radius: 50%; margin-right: 8px;"
              />
              <span>
                Nelson Oliveira
              </span>
            </div>
          </td>
          <td
            class="sc-8fa2946b-3 TYouo"
          >
            <span>
              19/09/2024
            </span>
          </td>
          <td
            class="sc-8fa2946b-3 TYouo"
          >
            <button
              class="sc-8fa2946b-5 ccChiB"
            >
              <svg
                fill="none"
                height="17"
                stroke="currentColor"
                stroke-linecap="round"
                stroke-linejoin="round"
                stroke-width="2"
                viewBox="0 0 24 24"
                width="17"
                xmlns="http://www.w3.org/2000/svg"
              >
                <circle
                  cx="12"
                  cy="12"
                  r="1"
                />
                <circle
                  cx="12"
                  cy="5"
                  r="1"
                />
                <circle
                  cx="12"
                  cy="19"
                  r="1"
                />
              </svg>
            </button>
          </td>
        </tr>
        <tr
          class="sc-8fa2946b-1 ipsNVD"
        >
          <td
            class="sc-8fa2946b-3 TYouo"
          >
            <span
              style="background-color: rgb(59, 214, 64); width: 10px; height: 10px; border-radius: 50%; display: inline-block;"
            />
          </td>
          <td
            class="sc-8fa2946b-3 TYouo"
          >
            <div
              style="display: flex; align-items: center;"
            >
              <img
                alt="Animal"
                src="https://placekitten.com/50/50?image=3"
                style="width: 30px; height: 30px; border-radius: 50%; margin-right: 8px;"
              />
              <span>
                AU1003
              </span>
            </div>
          </td>
          <td
            class="sc-8fa2946b-3 TYouo"
          >
            <span
              style="background-color: rgb(0, 218, 182); color: white; padding: 4px 8px; border-radius: 8px;"
            >
              Dermatite
            </span>
          </td>
          <td
            class="sc-8fa2946b-3 TYouo"
          >
            <span
              style="background-color: rgb(59, 214, 64); color: white; padding: 4px 8px; border-radius: 8px;"
            >
              36
              %
            </span>
          </td>
          <td
            class="sc-8fa2946b-3 TYouo"
          >
            <div
              style="display: flex; align-items: center;"
            >
              <img
                alt="Author"
                src="https://randomuser.me/api/portraits/men/3.jpg"
                style="width: 30px; height: 30px; border-radius: 50%; margin-right: 8px;"
              />
              <span>
                Fabrício Neves
              </span>
            </div>
          </td>
          <td
            class="sc-8fa2946b-3 TYouo"
          >
            <span>
              20/09/2024
            </span>
          </td>
          <td
            class="sc-8fa2946b-3 TYouo"
          >
            <button
              class="sc-8fa2946b-5 ccChiB"
            >
              <svg
                fill="none"
                height="17"
                stroke="currentColor"
                stroke-linecap="round"
                stroke-linejoin="round"
                stroke-width="2"
                viewBox="0 0 24 24"
                width="17"
                xmlns="http://www.w3.org/2000/svg"
              >
                <circle
                  cx="12"
                  cy="12"
                  r="1"
                />
                <circle
                  cx="12"
                  cy="5"
                  r="1"
                />
                <circle
                  cx="12"
                  cy="19"
                  r="1"
                />
              </svg>
            </button>
          </td>
        </tr>
        <tr
          class="sc-8fa2946b-1 ipsNVD"
        >
          <td
            class="sc-8fa2946b-3 TYouo"
          >
            <span
              style="background-color: rgb(255, 235, 54); width: 10px; height: 10px; border-radius: 50%; display: inline-block;"
            />
          </td>
          <td
            class="sc-8fa2946b-3 TYouo"
          >
            <div
              style="display: flex; align-items: center;"
            >
              <img
                alt="Animal"
                src="https://placekitten.com/50/50?image=4"
                style="width: 30px; height: 30px; border-radius: 50%; margin-right: 8px;"
              />
              <span>
                AU1004
              </span>
            </div>
          </td>
          <td
            class="sc-8fa2946b-3 TYouo"
          >
            <span
              style="background-color: rgb(255, 18, 203); color: white; padding: 4px 8px; border-radius: 8px;"
            >
              Dermatofitose
            </span>
          </td>
          <td
            class="sc-8fa2946b-3 TYouo"
          >
            <span
              style="background-color: rgb(255, 235, 54); color: white; padding: 4px 8px; border-radius: 8px;"
            >
              51
              %
            </span>
          </td>
          <td
            class="sc-8fa2946b-3 TYouo"
          >
            <div
              style="display: flex; align-items: center;"
            >
              <img
                alt="Author"
                src="https://randomuser.me/api/portraits/men/4.jpg"
                style="width: 30px; height: 30px; border-radius: 50%; margin-right: 8px;"
              />
              <span>
                Nelson Oliveira
              </span>
            </div>
          </td>
          <td
            class="sc-8fa2946b-3 TYouo"
          >
            <span>
              21/09/2024
            </span>
          </td>
          <td
            class="sc-8fa2946b-3 TYouo"
          >
            <button
              class="sc-8fa2946b-5 ccChiB"
            >
              <svg
                fill="none"
                height="17"
                stroke="currentColor"
                stroke-linecap="round"
                stroke-linejoin="round"
                stroke-width="2"
                viewBox="0 0 24 24"
                width="17"
                xmlns="http://www.w3.org/2000/svg"
              >
                <circle
                  cx="12"
                  cy="12"
                  r="1"
                />
                <circle
                  cx="12"
                  cy="5"
                  r="1"
                />
                <circle
                  cx="12"
                  cy="19"
                  r="1"
                />
              </svg>
            </button>
          </td>
        </tr>
        <tr
          class="sc-8fa2946b-1 ipsNVD"
        >
          <td
            class="sc-8fa2946b-3 TYouo"
          >
            <span
              style="background-color: rgb(255, 235, 54); width: 10px; height: 10px; border-radius: 50%; display: inline-block;"
            />
          </td>
          <td
            class="sc-8fa2946b-3 TYouo"
          >
            <div
              style="display: flex; align-items: center;"
            >
              <img
                alt="Animal"
                src="https://placekitten.com/50/50?image=5"
                style="width: 30px; height: 30px; border-radius: 50%; margin-right: 8px;"
              />
              <span>
                AU1005
              </span>
            </div>
          </td>
          <td
            class="sc-8fa2946b-3 TYouo"
          >
            <span
              style="background-color: rgb(255, 18, 203); color: white; padding: 4px 8px; border-radius: 8px;"
            >
              Dermatofitose
            </span>
          </td>
          <td
            class="sc-8fa2946b-3 TYouo"
          >
            <span
              style="background-color: rgb(255, 235, 54); color: white; padding: 4px 8px; border-radius: 8px;"
            >
              86
              %
            </span>
          </td>
          <td
            class="sc-8fa2946b-3 TYouo"
          >
            <div
              style="display: flex; align-items: center;"
            >
              <img
                alt="Author"
                src="https://randomuser.me/api/portraits/men/5.jpg"
                style="width: 30px; height: 30px; border-radius: 50%; margin-right: 8px;"
              />
              <span>
                Fabrício Neves
              </span>
            </div>
          </td>
          <td
            class="sc-8fa2946b-3 TYouo"
          >
            <span>
              22/09/2024
            </span>
          </td>
          <td
            class="sc-8fa2946b-3 TYouo"
          >
            <button
              class="sc-8fa2946b-5 ccChiB"
            >
              <svg
                fill="none"
                height="17"
                stroke="currentColor"
                stroke-linecap="round"
                stroke-linejoin="round"
                stroke-width="2"
                viewBox="0 0 24 24"
                width="17"
                xmlns="http://www.w3.org/2000/svg"
              >
                <circle
                  cx="12"
                  cy="12"
                  r="1"
                />
                <circle
                  cx="12"
                  cy="5"
                  r="1"
                />
                <circle
                  cx="12"
                  cy="19"
                  r="1"
                />
              </svg>
            </button>
          </td>
        </tr>
        <tr
          class="sc-8fa2946b-1 ipsNVD"
        >
          <td
            class="sc-8fa2946b-3 TYouo"
          >
            <span
              style="background-color: rgb(59, 214, 64); width: 10px; height: 10px; border-radius: 50%; display: inline-block;"
            />
          </td>
          <td
            class="sc-8fa2946b-3 TYouo"
          >
            <div
              style="display: flex; align-items: center;"
            >
              <img
                alt="Animal"
                src="https://placekitten.com/50/50?image=6"
                style="width: 30px; height: 30px; border-radius: 50%; margin-right: 8px;"
              />
              <span>
                AU1006
              </span>
            </div>
          </td>
          <td
            class="sc-8fa2946b-3 TYouo"
          >
            <span
              style="background-color: rgb(255, 18, 203); color: white; padding: 4px 8px; border-radius: 8px;"
            >
              Dermatofitose
            </span>
          </td>
          <td
            class="sc-8fa2946b-3 TYouo"
          >
            <span
              style="background-color: rgb(59, 214, 64); color: white; padding: 4px 8px; border-radius: 8px;"
            >
              48
              %
            </span>
          </td>
          <td
            class="sc-8fa2946b-3 TYouo"
          >
            <div
              style="display: flex; align-items: center;"
            >
              <img
                alt="Author"
                src="https://randomuser.me/api/portraits/men/6.jpg"
                style="width: 30px; height: 30px; border-radius: 50%; margin-right: 8px;"
              />
              <span>
                Nelson Oliveira
              </span>
            </div>
          </td>
          <td
            class="sc-8fa2946b-3 TYouo"
          >
            <span>
              23/09/2024
            </span>
          </td>
          <td
            class="sc-8fa2946b-3 TYouo"
          >
            <button
              class="sc-8fa2946b-5 ccChiB"
            >
              <svg
                fill="none"
                height="17"
                stroke="currentColor"
                stroke-linecap="round"
                stroke-linejoin="round"
                stroke-width="2"
                viewBox="0 0 24 24"
                width="17"
                xmlns="http://www.w3.org/2000/svg"
              >
                <circle
                  cx="12"
                  cy="12"
                  r="1"
                />
                <circle
                  cx="12"
                  cy="5"
                  r="1"
                />
                <circle
                  cx="12"
                  cy="19"
                  r="1"
                />
              </svg>
            </button>
          </td>
        </tr>
        <tr
          class="sc-8fa2946b-1 ipsNVD"
        >
          <td
            class="sc-8fa2946b-3 TYouo"
          >
            <span
              style="background-color: rgb(59, 214, 64); width: 10px; height: 10px; border-radius: 50%; display: inline-block;"
            />
          </td>
          <td
            class="sc-8fa2946b-3 TYouo"
          >
            <div
              style="display: flex; align-items: center;"
            >
              <img
                alt="Animal"
                src="https://placekitten.com/50/50?image=7"
                style="width: 30px; height: 30px; border-radius: 50%; margin-right: 8px;"
              />
              <span>
                AU1007
              </span>
            </div>
          </td>
          <td
            class="sc-8fa2946b-3 TYouo"
          >
            <span
              style="background-color: rgb(74, 101, 207); color: white; padding: 4px 8px; border-radius: 8px;"
            >
              Berne
            </span>
          </td>
          <td
            class="sc-8fa2946b-3 TYouo"
          >
            <span
              style="background-color: rgb(59, 214, 64); color: white; padding: 4px 8px; border-radius: 8px;"
            >
              13
              %
            </span>
          </td>
          <td
            class="sc-8fa2946b-3 TYouo"
          >
            <div
              style="display: flex; align-items: center;"
            >
              <img
                alt="Author"
                src="https://randomuser.me/api/portraits/men/7.jpg"
                style="width: 30px; height: 30px; border-radius: 50%; margin-right: 8px;"
              />
              <span>
                Fabrício Neves
              </span>
            </div>
          </td>
          <td
            class="sc-8fa2946b-3 TYouo"
          >
            <span>
              17/09/2024
            </span>
          </td>
          <td
            class="sc-8fa2946b-3 TYouo"
          >
            <button
              class="sc-8fa2946b-5 ccChiB"
            >
              <svg
                fill="none"
                height="17"
                stroke="currentColor"
                stroke-linecap="round"
                stroke-linejoin="round"
                stroke-width="2"
                viewBox="0 0 24 24"
                width="17"
                xmlns="http://www.w3.org/2000/svg"
              >
                <circle
                  cx="12"
                  cy="12"
                  r="1"
                />
                <circle
                  cx="12"
                  cy="5"
                  r="1"
                />
                <circle
                  cx="12"
                  cy="19"
                  r="1"
                />
              </svg>
            </button>
          </td>
        </tr>
        <tr
          class="sc-8fa2946b-1 ipsNVD"
        >
          <td
            class="sc-8fa2946b-3 TYouo"
          >
            <span
              style="background-color: rgb(255, 235, 54); width: 10px; height: 10px; border-radius: 50%; display: inline-block;"
            />
          </td>
          <td
            class="sc-8fa2946b-3 TYouo"
          >
            <div
              style="display: flex; align-items: center;"
            >
              <img
                alt="Animal"
                src="https://placekitten.com/50/50?image=8"
                style="width: 30px; height: 30px; border-radius: 50%; margin-right: 8px;"
              />
              <span>
                AU1008
              </span>
            </div>
          </td>
          <td
            class="sc-8fa2946b-3 TYouo"
          >
            <span
              style="background-color: rgb(0, 218, 182); color: white; padding: 4px 8px; border-radius: 8px;"
            >
              Dermatite
            </span>
          </td>
          <td
            class="sc-8fa2946b-3 TYouo"
          >
            <span
              style="background-color: rgb(255, 235, 54); color: white; padding: 4px 8px; border-radius: 8px;"
            >
              83
              %
            </span>
          </td>
          <td
            class="sc-8fa2946b-3 TYouo"
          >
            <div
              style="display: flex; align-items: center;"
            >
              <img
                alt="Author"
                src="https://randomuser.me/api/portraits/men/8.jpg"
                style="width: 30px; height: 30px; border-radius: 50%; margin-right: 8px;"
              />
              <span>
                Nelson Oliveira
              </span>
            </div>
          </td>
          <td
            class="sc-8fa2946b-3 TYouo"
          >
            <span>
              18/09/2024
            </span>
          </td>
          <td
            class="sc-8fa2946b-3 TYouo"
          >
            <button
              class="sc-8fa2946b-5 ccChiB"
            >
              <svg
                fill="none"
                height="17"
                stroke="currentColor"
                stroke-linecap="round"
                stroke-linejoin="round"
                stroke-width="2"
                viewBox="0 0 24 24"
                width="17"
                xmlns="http://www.w3.org/2000/svg"
              >
                <circle
                  cx="12"
                  cy="12"
                  r="1"
                />
                <circle
                  cx="12"
                  cy="5"
                  r="1"
                />
                <circle
                  cx="12"
                  cy="19"
                  r="1"
                />
              </svg>
            </button>
          </td>
        </tr>
        <tr
          class="sc-8fa2946b-1 ipsNVD"
        >
          <td
            class="sc-8fa2946b-3 TYouo"
          >
            <span
              style="background-color: rgb(255, 235, 54); width: 10px; height: 10px; border-radius: 50%; display: inline-block;"
            />
          </td>
          <td
            class="sc-8fa2946b-3 TYouo"
          >
            <div
              style="display: flex; align-items: center;"
            >
              <img
                alt="Animal"
                src="https://placekitten.com/50/50?image=9"
                style="width: 30px; height: 30px; border-radius: 50%; margin-right: 8px;"
              />
              <span>
                AU1009
              </span>
            </div>
          </td>
          <td
            class="sc-8fa2946b-3 TYouo"
          >
            <span
              style="background-color: rgb(0, 218, 182); color: white; padding: 4px 8px; border-radius: 8px;"
            >
              Dermatite
            </span>
          </td>
          <td
            class="sc-8fa2946b-3 TYouo"
          >
            <span
              style="background-color: rgb(255, 235, 54); color: white; padding: 4px 8px; border-radius: 8px;"
            >
              71
              %
            </span>
          </td>
          <td
            class="sc-8fa2946b-3 TYouo"
          >
            <div
              style="display: flex; align-items: center;"
            >
              <img
                alt="Author"
                src="https://randomuser.me/api/portraits/men/9.jpg"
                style="width: 30px; height: 30px; border-radius: 50%; margin-right: 8px;"
              />
              <span>
                Fabrício Neves
              </span>
            </div>
          </td>
          <td
            class="sc-8fa2946b-3 TYouo"
          >
            <span>
              19/09/2024
            </span>
          </td>
          <td
            class="sc-8fa2946b-3 TYouo"
          >
            <button
              class="sc-8fa2946b-5 ccChiB"
            >
              <svg
                fill="none"
                height="17"
                stroke="currentColor"
                stroke-linecap="round"
                stroke-linejoin="round"
                stroke-width="2"
                viewBox="0 0 24 24"
                width="17"
                xmlns="http://www.w3.org/2000/svg"
              >
                <circle
                  cx="12"
                  cy="12"
                  r="1"
                />
                <circle
                  cx="12"
                  cy="5"
                  r="1"
                />
                <circle
                  cx="12"
                  cy="19"
                  r="1"
                />
              </svg>
            </button>
          </td>
        </tr>
        <tr
          class="sc-8fa2946b-1 ipsNVD"
        >
          <td
            class="sc-8fa2946b-3 TYouo"
          >
            <span
              style="background-color: rgb(59, 214, 64); width: 10px; height: 10px; border-radius: 50%; display: inline-block;"
            />
          </td>
          <td
            class="sc-8fa2946b-3 TYouo"
          >
            <div
              style="display: flex; align-items: center;"
            >
              <img
                alt="Animal"
                src="https://placekitten.com/50/50?image=10"
                style="width: 30px; height: 30px; border-radius: 50%; margin-right: 8px;"
              />
              <span>
                AU1010
              </span>
            </div>
          </td>
          <td
            class="sc-8fa2946b-3 TYouo"
          >
            <span
              style="background-color: rgb(0, 218, 182); color: white; padding: 4px 8px; border-radius: 8px;"
            >
              Dermatite
            </span>
          </td>
          <td
            class="sc-8fa2946b-3 TYouo"
          >
            <span
              style="background-color: rgb(59, 214, 64); color: white; padding: 4px 8px; border-radius: 8px;"
            >
              44
              %
            </span>
          </td>
          <td
            class="sc-8fa2946b-3 TYouo"
          >
            <div
              style="display: flex; align-items: center;"
            >
              <img
                alt="Author"
                src="https://randomuser.me/api/portraits/men/10.jpg"
                style="width: 30px; height: 30px; border-radius: 50%; margin-right: 8px;"
              />
              <span>
                Nelson Oliveira
              </span>
            </div>
          </td>
          <td
            class="sc-8fa2946b-3 TYouo"
          >
            <span>
              20/09/2024
            </span>
          </td>
          <td
            class="sc-8fa2946b-3 TYouo"
          >
            <button
              class="sc-8fa2946b-5 ccChiB"
            >
              <svg
                fill="none"
                height="17"
                stroke="currentColor"
                stroke-linecap="round"
                stroke-linejoin="round"
                stroke-width="2"
                viewBox="0 0 24 24"
                width="17"
                xmlns="http://www.w3.org/2000/svg"
              >
                <circle
                  cx="12"
                  cy="12"
                  r="1"
                />
                <circle
                  cx="12"
                  cy="5"
                  r="1"
                />
                <circle
                  cx="12"
                  cy="19"
                  r="1"
                />
              </svg>
            </button>
          </td>
        </tr>
        <tr
          class="sc-8fa2946b-1 ipsNVD"
        >
          <td
            class="sc-8fa2946b-3 TYouo"
          >
            <span
              style="background-color: rgb(59, 214, 64); width: 10px; height: 10px; border-radius: 50%; display: inline-block;"
            />
          </td>
          <td
            class="sc-8fa2946b-3 TYouo"
          >
            <div
              style="display: flex; align-items: center;"
            >
              <img
                alt="Animal"
                src="https://placekitten.com/50/50?image=11"
                style="width: 30px; height: 30px; border-radius: 50%; margin-right: 8px;"
              />
              <span>
                AU1011
              </span>
            </div>
          </td>
          <td
            class="sc-8fa2946b-3 TYouo"
          >
            <span
              style="background-color: rgb(0, 218, 182); color: white; padding: 4px 8px; border-radius: 8px;"
            >
              Dermatite
            </span>
          </td>
          <td
            class="sc-8fa2946b-3 TYouo"
          >
            <span
              style="background-color: rgb(59, 214, 64); color: white; padding: 4px 8px; border-radius: 8px;"
            >
              42
              %
            </span>
          </td>
          <td
            class="sc-8fa2946b-3 TYouo"
          >
            <div
              style="display: flex; align-items: center;"
            >
              <img
                alt="Author"
                src="https://randomuser.me/api/portraits/men/11.jpg"
                style="width: 30px; height: 30px; border-radius: 50%; margin-right: 8px;"
              />
              <span>
                Fabrício Neves
              </span>
            </div>
          </td>
          <td
            class="sc-8fa2946b-3 TYouo"
          >
            <span>
              21/09/2024
            </span>
          </td>
          <td
            class="sc-8fa2946b-3 TYouo"
          >
            <button
              class="sc-8fa2946b-5 ccChiB"
            >
              <svg
                fill="none"
                height="17"
                stroke="currentColor"
                stroke-linecap="round"
                stroke-linejoin="round"
                stroke-width="2"
                viewBox="0 0 24 24"
                width="17"
                xmlns="http://www.w3.org/2000/svg"
              >
                <circle
                  cx="12"
                  cy="12"
                  r="1"
                />
                <circle
                  cx="12"
                  cy="5"
                  r="1"
                />
                <circle
                  cx="12"
                  cy="19"
                  r="1"
                />
              </svg>
            </button>
          </td>
        </tr>
        <tr
          class="sc-8fa2946b-1 ipsNVD"
        >
          <td
            class="sc-8fa2946b-3 TYouo"
          >
            <span
              style="background-color: rgb(59, 214, 64); width: 10px; height: 10px; border-radius: 50%; display: inline-block;"
            />
          </td>
          <td
            class="sc-8fa2946b-3 TYouo"
          >
            <div
              style="display: flex; align-items: center;"
            >
              <img
                alt="Animal"
                src="https://placekitten.com/50/50?image=12"
                style="width: 30px; height: 30px; border-radius: 50%; margin-right: 8px;"
              />
              <span>
                AU1012
              </span>
            </div>
          </td>
          <td
            class="sc-8fa2946b-3 TYouo"
          >
            <span
              style="background-color: rgb(255, 18, 203); color: white; padding: 4px 8px; border-radius: 8px;"
            >
              Dermatofitose
            </span>
          </td>
          <td
            class="sc-8fa2946b-3 TYouo"
          >
            <span
              style="background-color: rgb(59, 214, 64); color: white; padding: 4px 8px; border-radius: 8px;"
            >
              3
              %
            </span>
          </td>
          <td
            class="sc-8fa2946b-3 TYouo"
          >
            <div
              style="display: flex; align-items: center;"
            >
              <img
                alt="Author"
                src="https://randomuser.me/api/portraits/men/12.jpg"
                style="width: 30px; height: 30px; border-radius: 50%; margin-right: 8px;"
              />
              <span>
                Nelson Oliveira
              </span>
            </div>
          </td>
          <td
            class="sc-8fa2946b-3 TYouo"
          >
            <span>
              22/09/2024
            </span>
          </td>
          <td
            class="sc-8fa2946b-3 TYouo"
          >
            <button
              class="sc-8fa2946b-5 ccChiB"
            >
              <svg
                fill="none"
                height="17"
                stroke="currentColor"
                stroke-linecap="round"
                stroke-linejoin="round"
                stroke-width="2"
                viewBox="0 0 24 24"
                width="17"
                xmlns="http://www.w3.org/2000/svg"
              >
                <circle
                  cx="12"
                  cy="12"
                  r="1"
                />
                <circle
                  cx="12"
                  cy="5"
                  r="1"
                />
                <circle
                  cx="12"
                  cy="19"
                  r="1"
                />
              </svg>
            </button>
          </td>
        </tr>
        <tr
          class="sc-8fa2946b-1 ipsNVD"
        >
          <td
            class="sc-8fa2946b-3 TYouo"
          >
            <span
              style="background-color: rgb(59, 214, 64); width: 10px; height: 10px; border-radius: 50%; display: inline-block;"
            />
          </td>
          <td
            class="sc-8fa2946b-3 TYouo"
          >
            <div
              style="display: flex; align-items: center;"
            >
              <img
                alt="Animal"
                src="https://placekitten.com/50/50?image=13"
                style="width: 30px; height: 30px; border-radius: 50%; margin-right: 8px;"
              />
              <span>
                AU1013
              </span>
            </div>
          </td>
          <td
            class="sc-8fa2946b-3 TYouo"
          >
            <span
              style="background-color: rgb(74, 101, 207); color: white; padding: 4px 8px; border-radius: 8px;"
            >
              Berne
            </span>
          </td>
          <td
            class="sc-8fa2946b-3 TYouo"
          >
            <span
              style="background-color: rgb(59, 214, 64); color: white; padding: 4px 8px; border-radius: 8px;"
            >
              31
              %
            </span>
          </td>
          <td
            class="sc-8fa2946b-3 TYouo"
          >
            <div
              style="display: flex; align-items: center;"
            >
              <img
                alt="Author"
                src="https://randomuser.me/api/portraits/men/13.jpg"
                style="width: 30px; height: 30px; border-radius: 50%; margin-right: 8px;"
              />
              <span>
                Fabrício Neves
              </span>
            </div>
          </td>
          <td
            class="sc-8fa2946b-3 TYouo"
          >
            <span>
              23/09/2024
            </span>
          </td>
          <td
            class="sc-8fa2946b-3 TYouo"
          >
            <button
              class="sc-8fa2946b-5 ccChiB"
            >
              <svg
                fill="none"
                height="17"
                stroke="currentColor"
                stroke-linecap="round"
                stroke-linejoin="round"
                stroke-width="2"
                viewBox="0 0 24 24"
                width="17"
                xmlns="http://www.w3.org/2000/svg"
              >
                <circle
                  cx="12"
                  cy="12"
                  r="1"
                />
                <circle
                  cx="12"
                  cy="5"
                  r="1"
                />
                <circle
                  cx="12"
                  cy="19"
                  r="1"
                />
              </svg>
            </button>
          </td>
        </tr>
        <tr
          class="sc-8fa2946b-1 ipsNVD"
        >
          <td
            class="sc-8fa2946b-3 TYouo"
          >
            <span
              style="background-color: rgb(59, 214, 64); width: 10px; height: 10px; border-radius: 50%; display: inline-block;"
            />
          </td>
          <td
            class="sc-8fa2946b-3 TYouo"
          >
            <div
              style="display: flex; align-items: center;"
            >
              <img
                alt="Animal"
                src="https://placekitten.com/50/50?image=14"
                style="width: 30px; height: 30px; border-radius: 50%; margin-right: 8px;"
              />
              <span>
                AU1014
              </span>
            </div>
          </td>
          <td
            class="sc-8fa2946b-3 TYouo"
          >
            <span
              style="background-color: rgb(74, 101, 207); color: white; padding: 4px 8px; border-radius: 8px;"
            >
              Berne
            </span>
          </td>
          <td
            class="sc-8fa2946b-3 TYouo"
          >
            <span
              style="background-color: rgb(59, 214, 64); color: white; padding: 4px 8px; border-radius: 8px;"
            >
              38
              %
            </span>
          </td>
          <td
            class="sc-8fa2946b-3 TYouo"
          >
            <div
              style="display: flex; align-items: center;"
            >
              <img
                alt="Author"
                src="https://randomuser.me/api/portraits/men/14.jpg"
                style="width: 30px; height: 30px; border-radius: 50%; margin-right: 8px;"
              />
              <span>
                Nelson Oliveira
              </span>
            </div>
          </td>
          <td
            class="sc-8fa2946b-3 TYouo"
          >
            <span>
              17/09/2024
            </span>
          </td>
          <td
            class="sc-8fa2946b-3 TYouo"
          >
            <button
              class="sc-8fa2946b-5 ccChiB"
            >
              <svg
                fill="none"
                height="17"
                stroke="currentColor"
                stroke-linecap="round"
                stroke-linejoin="round"
                stroke-width="2"
                viewBox="0 0 24 24"
                width="17"
                xmlns="http://www.w3.org/2000/svg"
              >
                <circle
                  cx="12"
                  cy="12"
                  r="1"
                />
                <circle
                  cx="12"
                  cy="5"
                  r="1"
                />
                <circle
                  cx="12"
                  cy="19"
                  r="1"
                />
              </svg>
            </button>
          </td>
        </tr>
        <tr
          class="sc-8fa2946b-1 ipsNVD"
        >
          <td
            class="sc-8fa2946b-3 TYouo"
          >
            <span
              style="background-color: rgb(255, 235, 54); width: 10px; height: 10px; border-radius: 50%; display: inline-block;"
            />
          </td>
          <td
            class="sc-8fa2946b-3 TYouo"
          >
            <div
              style="display: flex; align-items: center;"
            >
              <img
                alt="Animal"
                src="https://placekitten.com/50/50?image=15"
                style="width: 30px; height: 30px; border-radius: 50%; margin-right: 8px;"
              />
              <span>
                AU1015
              </span>
            </div>
          </td>
          <td
            class="sc-8fa2946b-3 TYouo"
          >
            <span
              style="background-color: rgb(0, 218, 182); color: white; padding: 4px 8px; border-radius: 8px;"
            >
              Dermatite
            </span>
          </td>
          <td
            class="sc-8fa2946b-3 TYouo"
          >
            <span
              style="background-color: rgb(255, 235, 54); color: white; padding: 4px 8px; border-radius: 8px;"
            >
              56
              %
            </span>
          </td>
          <td
            class="sc-8fa2946b-3 TYouo"
          >
            <div
              style="display: flex; align-items: center;"
            >
              <img
                alt="Author"
                src="https://randomuser.me/api/portraits/men/15.jpg"
                style="width: 30px; height: 30px; border-radius: 50%; margin-right: 8px;"
              />
              <span>
                Fabrício Neves
              </span>
            </div>
          </td>
          <td
            class="sc-8fa2946b-3 TYouo"
          >
            <span>
              18/09/2024
            </span>
          </td>
          <td
            class="sc-8fa2946b-3 TYouo"
          >
            <button
              class="sc-8fa2946b-5 ccChiB"
            >
              <svg
                fill="none"
                height="17"
                stroke="currentColor"
                stroke-linecap="round"
                stroke-linejoin="round"
                stroke-width="2"
                viewBox="0 0 24 24"
                width="17"
                xmlns="http://www.w3.org/2000/svg"
              >
                <circle
                  cx="12"
                  cy="12"
                  r="1"
                />
                <circle
                  cx="12"
                  cy="5"
                  r="1"
                />
                <circle
                  cx="12"
                  cy="19"
                  r="1"
                />
              </svg>
            </button>
          </td>
        </tr>
        <tr
          class="sc-8fa2946b-1 ipsNVD"
        >
          <td
            class="sc-8fa2946b-3 TYouo"
          >
            <span
              style="background-color: rgb(255, 235, 54); width: 10px; height: 10px; border-radius: 50%; display: inline-block;"
            />
          </td>
          <td
            class="sc-8fa2946b-3 TYouo"
          >
            <div
              style="display: flex; align-items: center;"
            >
              <img
                alt="Animal"
                src="https://placekitten.com/50/50?image=16"
                style="width: 30px; height: 30px; border-radius: 50%; margin-right: 8px;"
              />
              <span>
                AU1016
              </span>
            </div>
          </td>
          <td
            class="sc-8fa2946b-3 TYouo"
          >
            <span
              style="background-color: rgb(0, 218, 182); color: white; padding: 4px 8px; border-radius: 8px;"
            >
              Dermatite
            </span>
          </td>
          <td
            class="sc-8fa2946b-3 TYouo"
          >
            <span
              style="background-color: rgb(255, 235, 54); color: white; padding: 4px 8px; border-radius: 8px;"
            >
              70
              %
            </span>
          </td>
          <td
            class="sc-8fa2946b-3 TYouo"
          >
            <div
              style="display: flex; align-items: center;"
            >
              <img
                alt="Author"
                src="https://randomuser.me/api/portraits/men/16.jpg"
                style="width: 30px; height: 30px; border-radius: 50%; margin-right: 8px;"
              />
              <span>
                Nelson Oliveira
              </span>
            </div>
          </td>
          <td
            class="sc-8fa2946b-3 TYouo"
          >
            <span>
              19/09/2024
            </span>
          </td>
          <td
            class="sc-8fa2946b-3 TYouo"
          >
            <button
              class="sc-8fa2946b-5 ccChiB"
            >
              <svg
                fill="none"
                height="17"
                stroke="currentColor"
                stroke-linecap="round"
                stroke-linejoin="round"
                stroke-width="2"
                viewBox="0 0 24 24"
                width="17"
                xmlns="http://www.w3.org/2000/svg"
              >
                <circle
                  cx="12"
                  cy="12"
                  r="1"
                />
                <circle
                  cx="12"
                  cy="5"
                  r="1"
                />
                <circle
                  cx="12"
                  cy="19"
                  r="1"
                />
              </svg>
            </button>
          </td>
        </tr>
        <tr
          class="sc-8fa2946b-1 ipsNVD"
        >
          <td
            class="sc-8fa2946b-3 TYouo"
          >
            <span
              style="background-color: rgb(59, 214, 64); width: 10px; height: 10px; border-radius: 50%; display: inline-block;"
            />
          </td>
          <td
            class="sc-8fa2946b-3 TYouo"
          >
            <div
              style="display: flex; align-items: center;"
            >
              <img
                alt="Animal"
                src="https://placekitten.com/50/50?image=17"
                style="width: 30px; height: 30px; border-radius: 50%; margin-right: 8px;"
              />
              <span>
                AU1017
              </span>
            </div>
          </td>
          <td
            class="sc-8fa2946b-3 TYouo"
          >
            <span
              style="background-color: rgb(0, 218, 182); color: white; padding: 4px 8px; border-radius: 8px;"
            >
              Dermatite
            </span>
          </td>
          <td
            class="sc-8fa2946b-3 TYouo"
          >
            <span
              style="background-color: rgb(59, 214, 64); color: white; padding: 4px 8px; border-radius: 8px;"
            >
              29
              %
            </span>
          </td>
          <td
            class="sc-8fa2946b-3 TYouo"
          >
            <div
              style="display: flex; align-items: center;"
            >
              <img
                alt="Author"
                src="https://randomuser.me/api/portraits/men/17.jpg"
                style="width: 30px; height: 30px; border-radius: 50%; margin-right: 8px;"
              />
              <span>
                Fabrício Neves
              </span>
            </div>
          </td>
          <td
            class="sc-8fa2946b-3 TYouo"
          >
            <span>
              20/09/2024
            </span>
          </td>
          <td
            class="sc-8fa2946b-3 TYouo"
          >
            <button
              class="sc-8fa2946b-5 ccChiB"
            >
              <svg
                fill="none"
                height="17"
                stroke="currentColor"
                stroke-linecap="round"
                stroke-linejoin="round"
                stroke-width="2"
                viewBox="0 0 24 24"
                width="17"
                xmlns="http://www.w3.org/2000/svg"
              >
                <circle
                  cx="12"
                  cy="12"
                  r="1"
                />
                <circle
                  cx="12"
                  cy="5"
                  r="1"
                />
                <circle
                  cx="12"
                  cy="19"
                  r="1"
                />
              </svg>
            </button>
          </td>
        </tr>
        <tr
          class="sc-8fa2946b-1 ipsNVD"
        >
          <td
            class="sc-8fa2946b-3 TYouo"
          >
            <span
              style="background-color: rgb(255, 235, 54); width: 10px; height: 10px; border-radius: 50%; display: inline-block;"
            />
          </td>
          <td
            class="sc-8fa2946b-3 TYouo"
          >
            <div
              style="display: flex; align-items: center;"
            >
              <img
                alt="Animal"
                src="https://placekitten.com/50/50?image=18"
                style="width: 30px; height: 30px; border-radius: 50%; margin-right: 8px;"
              />
              <span>
                AU1018
              </span>
            </div>
          </td>
          <td
            class="sc-8fa2946b-3 TYouo"
          >
            <span
              style="background-color: rgb(255, 18, 203); color: white; padding: 4px 8px; border-radius: 8px;"
            >
              Dermatofitose
            </span>
          </td>
          <td
            class="sc-8fa2946b-3 TYouo"
          >
            <span
              style="background-color: rgb(255, 235, 54); color: white; padding: 4px 8px; border-radius: 8px;"
            >
              84
              %
            </span>
          </td>
          <td
            class="sc-8fa2946b-3 TYouo"
          >
            <div
              style="display: flex; align-items: center;"
            >
              <img
                alt="Author"
                src="https://randomuser.me/api/portraits/men/18.jpg"
                style="width: 30px; height: 30px; border-radius: 50%; margin-right: 8px;"
              />
              <span>
                Nelson Oliveira
              </span>
            </div>
          </td>
          <td
            class="sc-8fa2946b-3 TYouo"
          >
            <span>
              21/09/2024
            </span>
          </td>
          <td
            class="sc-8fa2946b-3 TYouo"
          >
            <button
              class="sc-8fa2946b-5 ccChiB"
            >
              <svg
                fill="none"
                height="17"
                stroke="currentColor"
                stroke-linecap="round"
                stroke-linejoin="round"
                stroke-width="2"
                viewBox="0 0 24 24"
                width="17"
                xmlns="http://www.w3.org/2000/svg"
              >
                <circle
                  cx="12"
                  cy="12"
                  r="1"
                />
                <circle
                  cx="12"
                  cy="5"
                  r="1"
                />
                <circle
                  cx="12"
                  cy="19"
                  r="1"
                />
              </svg>
            </button>
          </td>
        </tr>
        <tr
          class="sc-8fa2946b-1 ipsNVD"
        >
          <td
            class="sc-8fa2946b-3 TYouo"
          >
            <span
              style="background-color: rgb(255, 235, 54); width: 10px; height: 10px; border-radius: 50%; display: inline-block;"
            />
          </td>
          <td
            class="sc-8fa2946b-3 TYouo"
          >
            <div
              style="display: flex; align-items: center;"
            >
              <img
                alt="Animal"
                src="https://placekitten.com/50/50?image=19"
                style="width: 30px; height: 30px; border-radius: 50%; margin-right: 8px;"
              />
              <span>
                AU1019
              </span>
            </div>
          </td>
          <td
            class="sc-8fa2946b-3 TYouo"
          >
            <span
              style="background-color: rgb(0, 218, 182); color: white; padding: 4px 8px; border-radius: 8px;"
            >
              Dermatite
            </span>
          </td>
          <td
            class="sc-8fa2946b-3 TYouo"
          >
            <span
              style="background-color: rgb(255, 235, 54); color: white; padding: 4px 8px; border-radius: 8px;"
            >
              62
              %
            </span>
          </td>
          <td
            class="sc-8fa2946b-3 TYouo"
          >
            <div
              style="display: flex; align-items: center;"
            >
              <img
                alt="Author"
                src="https://randomuser.me/api/portraits/men/19.jpg"
                style="width: 30px; height: 30px; border-radius: 50%; margin-right: 8px;"
              />
              <span>
                Fabrício Neves
              </span>
            </div>
          </td>
          <td
            class="sc-8fa2946b-3 TYouo"
          >
            <span>
              22/09/2024
            </span>
          </td>
          <td
            class="sc-8fa2946b-3 TYouo"
          >
            <button
              class="sc-8fa2946b-5 ccChiB"
            >
              <svg
                fill="none"
                height="17"
                stroke="currentColor"
                stroke-linecap="round"
                stroke-linejoin="round"
                stroke-width="2"
                viewBox="0 0 24 24"
                width="17"
                xmlns="http://www.w3.org/2000/svg"
              >
                <circle
                  cx="12"
                  cy="12"
                  r="1"
                />
                <circle
                  cx="12"
                  cy="5"
                  r="1"
                />
                <circle
                  cx="12"
                  cy="19"
                  r="1"
                />
              </svg>
            </button>
          </td>
        </tr>
      </tbody>
    </table>
  </div>
</div>
`;
